Archive member included to satisfy reference by file (symbol)

/usr/lib/gcc/arm-none-eabi/9.2.1/../../../arm-none-eabi/lib/thumb/v7e-m+fp/hard/libc_nano.a(lib_a-atexit.o)
                              /usr/lib/gcc/arm-none-eabi/9.2.1/../../../arm-none-eabi/lib/thumb/v7e-m+fp/hard/crt0.o (atexit)
/usr/lib/gcc/arm-none-eabi/9.2.1/../../../arm-none-eabi/lib/thumb/v7e-m+fp/hard/libc_nano.a(lib_a-exit.o)
                              /usr/lib/gcc/arm-none-eabi/9.2.1/../../../arm-none-eabi/lib/thumb/v7e-m+fp/hard/crt0.o (exit)
/usr/lib/gcc/arm-none-eabi/9.2.1/../../../arm-none-eabi/lib/thumb/v7e-m+fp/hard/libc_nano.a(lib_a-fini.o)
                              /usr/lib/gcc/arm-none-eabi/9.2.1/../../../arm-none-eabi/lib/thumb/v7e-m+fp/hard/crt0.o (__libc_fini_array)
/usr/lib/gcc/arm-none-eabi/9.2.1/../../../arm-none-eabi/lib/thumb/v7e-m+fp/hard/libc_nano.a(lib_a-impure.o)
                              /usr/lib/gcc/arm-none-eabi/9.2.1/../../../arm-none-eabi/lib/thumb/v7e-m+fp/hard/libc_nano.a(lib_a-exit.o) (_global_impure_ptr)
/usr/lib/gcc/arm-none-eabi/9.2.1/../../../arm-none-eabi/lib/thumb/v7e-m+fp/hard/libc_nano.a(lib_a-init.o)
                              /usr/lib/gcc/arm-none-eabi/9.2.1/../../../arm-none-eabi/lib/thumb/v7e-m+fp/hard/crt0.o (__libc_init_array)
/usr/lib/gcc/arm-none-eabi/9.2.1/../../../arm-none-eabi/lib/thumb/v7e-m+fp/hard/libc_nano.a(lib_a-malloc.o)
                              build/usbh_cdc.o (malloc)
/usr/lib/gcc/arm-none-eabi/9.2.1/../../../arm-none-eabi/lib/thumb/v7e-m+fp/hard/libc_nano.a(lib_a-memset.o)
                              /usr/lib/gcc/arm-none-eabi/9.2.1/../../../arm-none-eabi/lib/thumb/v7e-m+fp/hard/crt0.o (memset)
/usr/lib/gcc/arm-none-eabi/9.2.1/../../../arm-none-eabi/lib/thumb/v7e-m+fp/hard/libc_nano.a(lib_a-nano-freer.o)
                              /usr/lib/gcc/arm-none-eabi/9.2.1/../../../arm-none-eabi/lib/thumb/v7e-m+fp/hard/libc_nano.a(lib_a-malloc.o) (_free_r)
/usr/lib/gcc/arm-none-eabi/9.2.1/../../../arm-none-eabi/lib/thumb/v7e-m+fp/hard/libc_nano.a(lib_a-nano-mallocr.o)
                              /usr/lib/gcc/arm-none-eabi/9.2.1/../../../arm-none-eabi/lib/thumb/v7e-m+fp/hard/libc_nano.a(lib_a-malloc.o) (_malloc_r)
/usr/lib/gcc/arm-none-eabi/9.2.1/../../../arm-none-eabi/lib/thumb/v7e-m+fp/hard/libc_nano.a(lib_a-sbrkr.o)
                              /usr/lib/gcc/arm-none-eabi/9.2.1/../../../arm-none-eabi/lib/thumb/v7e-m+fp/hard/libc_nano.a(lib_a-nano-mallocr.o) (_sbrk_r)
/usr/lib/gcc/arm-none-eabi/9.2.1/../../../arm-none-eabi/lib/thumb/v7e-m+fp/hard/libc_nano.a(lib_a-__atexit.o)
                              /usr/lib/gcc/arm-none-eabi/9.2.1/../../../arm-none-eabi/lib/thumb/v7e-m+fp/hard/libc_nano.a(lib_a-atexit.o) (__register_exitproc)
/usr/lib/gcc/arm-none-eabi/9.2.1/../../../arm-none-eabi/lib/thumb/v7e-m+fp/hard/libc_nano.a(lib_a-__call_atexit.o)
                              /usr/lib/gcc/arm-none-eabi/9.2.1/../../../arm-none-eabi/lib/thumb/v7e-m+fp/hard/libc_nano.a(lib_a-__atexit.o) (__call_exitprocs)
/usr/lib/gcc/arm-none-eabi/9.2.1/../../../arm-none-eabi/lib/thumb/v7e-m+fp/hard/libc_nano.a(lib_a-mlock.o)
                              /usr/lib/gcc/arm-none-eabi/9.2.1/../../../arm-none-eabi/lib/thumb/v7e-m+fp/hard/libc_nano.a(lib_a-nano-freer.o) (__malloc_lock)
/usr/lib/gcc/arm-none-eabi/9.2.1/../../../arm-none-eabi/lib/thumb/v7e-m+fp/hard/libc_nano.a(lib_a-reent.o)
                              /usr/lib/gcc/arm-none-eabi/9.2.1/../../../arm-none-eabi/lib/thumb/v7e-m+fp/hard/libc_nano.a(lib_a-sbrkr.o) (errno)
/usr/lib/gcc/arm-none-eabi/9.2.1/../../../arm-none-eabi/lib/thumb/v7e-m+fp/hard/libnosys.a(sbrk.o)
                              /usr/lib/gcc/arm-none-eabi/9.2.1/../../../arm-none-eabi/lib/thumb/v7e-m+fp/hard/libc_nano.a(lib_a-sbrkr.o) (_sbrk)
/usr/lib/gcc/arm-none-eabi/9.2.1/../../../arm-none-eabi/lib/thumb/v7e-m+fp/hard/libnosys.a(_exit.o)
                              /usr/lib/gcc/arm-none-eabi/9.2.1/../../../arm-none-eabi/lib/thumb/v7e-m+fp/hard/libc_nano.a(lib_a-exit.o) (_exit)
/usr/lib/gcc/arm-none-eabi/9.2.1/thumb/v7e-m+fp/hard/libgcc.a(_aeabi_uldivmod.o)
                              build/stm32f4xx_hal_rcc.o (__aeabi_uldivmod)
/usr/lib/gcc/arm-none-eabi/9.2.1/thumb/v7e-m+fp/hard/libgcc.a(_udivmoddi4.o)
                              /usr/lib/gcc/arm-none-eabi/9.2.1/thumb/v7e-m+fp/hard/libgcc.a(_aeabi_uldivmod.o) (__udivmoddi4)
/usr/lib/gcc/arm-none-eabi/9.2.1/thumb/v7e-m+fp/hard/libgcc.a(_dvmd_tls.o)
                              /usr/lib/gcc/arm-none-eabi/9.2.1/thumb/v7e-m+fp/hard/libgcc.a(_aeabi_uldivmod.o) (__aeabi_ldiv0)

Allocating common symbols
Common symbol       size              file

errno               0x4               /usr/lib/gcc/arm-none-eabi/9.2.1/../../../arm-none-eabi/lib/thumb/v7e-m+fp/hard/libc_nano.a(lib_a-reent.o)
hi2c1               0x54              build/main.o
hUsbHostFS          0x3d8             build/usb_host.o
uwTick              0x4               build/stm32f4xx_hal.o
[...]
Memory Configuration

Name             Origin             Length             Attributes
RAM              0x0000000020000000 0x0000000000020000 xrw
CCMRAM           0x0000000010000000 0x0000000000010000 xrw
FLASH            0x0000000008000000 0x0000000000100000 xr
*default*        0x0000000000000000 0xffffffffffffffff

Linker script and memory map

LOAD /usr/lib/gcc/arm-none-eabi/9.2.1/thumb/v7e-m+fp/hard/crti.o
LOAD /usr/lib/gcc/arm-none-eabi/9.2.1/thumb/v7e-m+fp/hard/crtbegin.o
LOAD /usr/lib/gcc/arm-none-eabi/9.2.1/../../../arm-none-eabi/lib/thumb/v7e-m+fp/hard/crt0.o
LOAD build/main.o
LOAD build/stm32f4xx_it.o
LOAD build/stm32f4xx_hal_msp.o
LOAD build/usbh_conf.o
LOAD build/usbh_platform.o
LOAD build/usb_host.o
LOAD build/stm32f4xx_hal_hcd.o
LOAD build/stm32f4xx_ll_usb.o
LOAD build/stm32f4xx_hal_rcc.o
LOAD build/stm32f4xx_hal_rcc_ex.o
LOAD build/stm32f4xx_hal_flash.o
LOAD build/stm32f4xx_hal_flash_ex.o
LOAD build/stm32f4xx_hal_flash_ramfunc.o
LOAD build/stm32f4xx_hal_gpio.o
LOAD build/stm32f4xx_hal_dma_ex.o
LOAD build/stm32f4xx_hal_dma.o
LOAD build/stm32f4xx_hal_pwr.o
LOAD build/stm32f4xx_hal_pwr_ex.o
LOAD build/stm32f4xx_hal_cortex.o
LOAD build/stm32f4xx_hal.o
LOAD build/stm32f4xx_hal_exti.o
LOAD build/stm32f4xx_hal_i2c.o
LOAD build/stm32f4xx_hal_i2c_ex.o
LOAD build/stm32f4xx_hal_i2s.o
LOAD build/stm32f4xx_hal_i2s_ex.o
LOAD build/stm32f4xx_hal_spi.o
LOAD build/stm32f4xx_hal_tim.o
LOAD build/stm32f4xx_hal_tim_ex.o
LOAD build/system_stm32f4xx.o
LOAD build/usbh_core.o
LOAD build/usbh_ctlreq.o
LOAD build/usbh_ioreq.o
LOAD build/usbh_pipes.o
LOAD build/usbh_cdc.o
LOAD build/startup_stm32f407xx.o
LOAD /usr/lib/gcc/arm-none-eabi/9.2.1/../../../arm-none-eabi/lib/thumb/v7e-m+fp/hard/libc_nano.a
LOAD /usr/lib/gcc/arm-none-eabi/9.2.1/../../../arm-none-eabi/lib/thumb/v7e-m+fp/hard/libm.a
LOAD /usr/lib/gcc/arm-none-eabi/9.2.1/../../../arm-none-eabi/lib/thumb/v7e-m+fp/hard/libnosys.a
START GROUP
LOAD /usr/lib/gcc/arm-none-eabi/9.2.1/thumb/v7e-m+fp/hard/libgcc.a
LOAD /usr/lib/gcc/arm-none-eabi/9.2.1/../../../arm-none-eabi/lib/thumb/v7e-m+fp/hard/libc_nano.a
END GROUP
START GROUP
LOAD /usr/lib/gcc/arm-none-eabi/9.2.1/thumb/v7e-m+fp/hard/libgcc.a
LOAD /usr/lib/gcc/arm-none-eabi/9.2.1/../../../arm-none-eabi/lib/thumb/v7e-m+fp/hard/libc_nano.a
END GROUP
LOAD /usr/lib/gcc/arm-none-eabi/9.2.1/thumb/v7e-m+fp/hard/crtend.o
LOAD /usr/lib/gcc/arm-none-eabi/9.2.1/thumb/v7e-m+fp/hard/crtn.o
                0x0000000020020000                _estack = (ORIGIN (RAM) + LENGTH (RAM))
                0x0000000000000200                _Min_Heap_Size = 0x200
                0x0000000000000400                _Min_Stack_Size = 0x400

.isr_vector     0x0000000008000000      0x188
                0x0000000008000000                . = ALIGN (0x4)
 *(.isr_vector)
 .isr_vector    0x0000000008000000      0x188 build/startup_stm32f407xx.o
                0x0000000008000000                g_pfnVectors
                0x0000000008000188                . = ALIGN (0x4)

.text           0x0000000008000188     0x493c
                0x0000000008000188                . = ALIGN (0x4)
 *(.text)
 .text          0x0000000008000188       0x88 /usr/lib/gcc/arm-none-eabi/9.2.1/thumb/v7e-m+fp/hard/crtbegin.o
 .text          0x0000000008000210       0x48 /usr/lib/gcc/arm-none-eabi/9.2.1/../../../arm-none-eabi/lib/thumb/v7e-m+fp/hard/libc_nano.a(lib_a-init.o)
                0x0000000008000210                __libc_init_array
 .text          0x0000000008000258       0x20 /usr/lib/gcc/arm-none-eabi/9.2.1/../../../arm-none-eabi/lib/thumb/v7e-m+fp/hard/libc_nano.a(lib_a-malloc.o)
                0x0000000008000258                malloc
                0x0000000008000268                free
 .text          0x0000000008000278       0xa0 /usr/lib/gcc/arm-none-eabi/9.2.1/../../../arm-none-eabi/lib/thumb/v7e-m+fp/hard/libc_nano.a(lib_a-memset.o)
                0x0000000008000278                memset
 .text          0x0000000008000318       0xac /usr/lib/gcc/arm-none-eabi/9.2.1/../../../arm-none-eabi/lib/thumb/v7e-m+fp/hard/libc_nano.a(lib_a-nano-freer.o)
                0x0000000008000318                _free_r
 .text          0x00000000080003c4       0xc8 /usr/lib/gcc/arm-none-eabi/9.2.1/../../../arm-none-eabi/lib/thumb/v7e-m+fp/hard/libc_nano.a(lib_a-nano-mallocr.o)
                0x00000000080003c4                _malloc_r
 .text          0x000000000800048c       0x24 /usr/lib/gcc/arm-none-eabi/9.2.1/../../../arm-none-eabi/lib/thumb/v7e-m+fp/hard/libc_nano.a(lib_a-sbrkr.o)
                0x000000000800048c                _sbrk_r
 .text          0x00000000080004b0        0x8 /usr/lib/gcc/arm-none-eabi/9.2.1/../../../arm-none-eabi/lib/thumb/v7e-m+fp/hard/libc_nano.a(lib_a-mlock.o)
                0x00000000080004b0                __malloc_lock
                0x00000000080004b4                __malloc_unlock
 .text          0x00000000080004b8       0x1c /usr/lib/gcc/arm-none-eabi/9.2.1/../../../arm-none-eabi/lib/thumb/v7e-m+fp/hard/libnosys.a(sbrk.o)
                0x00000000080004b8                _sbrk
 .text          0x00000000080004d4       0x30 /usr/lib/gcc/arm-none-eabi/9.2.1/thumb/v7e-m+fp/hard/libgcc.a(_aeabi_uldivmod.o)
                0x00000000080004d4                __aeabi_uldivmod
 .text          0x0000000008000504      0x2c4 /usr/lib/gcc/arm-none-eabi/9.2.1/thumb/v7e-m+fp/hard/libgcc.a(_udivmoddi4.o)
                0x0000000008000504                __udivmoddi4
 .text          0x00000000080007c8        0x4 /usr/lib/gcc/arm-none-eabi/9.2.1/thumb/v7e-m+fp/hard/libgcc.a(_dvmd_tls.o)
                0x00000000080007c8                __aeabi_ldiv0
                0x00000000080007c8                __aeabi_idiv0
 *(.text*)
 .text.MX_GPIO_Init
                0x00000000080007cc      0x188 build/main.o
 .text.Error_Handler
                0x0000000008000954        0x4 build/main.o
                0x0000000008000954                Error_Handler
 .text.MX_I2C1_Init
                0x0000000008000958       0x38 build/main.o
 .text.MX_I2S3_Init
                0x0000000008000990       0x38 build/main.o
 .text.MX_SPI1_Init
                0x00000000080009c8       0x40 build/main.o
 .text.SystemClock_Config
                0x0000000008000a08       0xac build/main.o
                0x0000000008000a08                SystemClock_Config
 .text.main     0x0000000008000ab4       0x70 build/main.o
                0x0000000008000ab4                main
 .text.NMI_Handler
                0x0000000008000b24        0x2 build/stm32f4xx_it.o
                0x0000000008000b24                NMI_Handler
 .text.HardFault_Handler
                0x0000000008000b26        0x2 build/stm32f4xx_it.o
                0x0000000008000b26                HardFault_Handler
 .text.MemManage_Handler
                0x0000000008000b28        0x2 build/stm32f4xx_it.o
                0x0000000008000b28                MemManage_Handler
 .text.BusFault_Handler
                0x0000000008000b2a        0x2 build/stm32f4xx_it.o
                0x0000000008000b2a                BusFault_Handler
 .text.UsageFault_Handler
                0x0000000008000b2c        0x2 build/stm32f4xx_it.o
                0x0000000008000b2c                UsageFault_Handler
 .text.SVC_Handler
                0x0000000008000b2e        0x2 build/stm32f4xx_it.o
                0x0000000008000b2e                SVC_Handler
 .text.DebugMon_Handler
                0x0000000008000b30        0x2 build/stm32f4xx_it.o
                0x0000000008000b30                DebugMon_Handler
 .text.PendSV_Handler
                0x0000000008000b32        0x2 build/stm32f4xx_it.o
                0x0000000008000b32                PendSV_Handler
 .text.SysTick_Handler
                0x0000000008000b34        0x8 build/stm32f4xx_it.o
                0x0000000008000b34                SysTick_Handler
 .text.OTG_FS_IRQHandler
                0x0000000008000b3c       0x10 build/stm32f4xx_it.o
                0x0000000008000b3c                OTG_FS_IRQHandler
 .text.HAL_MspInit
                0x0000000008000b4c       0x40 build/stm32f4xx_hal_msp.o
                0x0000000008000b4c                HAL_MspInit
 .text.HAL_I2C_MspInit
                0x0000000008000b8c       0x74 build/stm32f4xx_hal_msp.o
                0x0000000008000b8c                HAL_I2C_MspInit
 .text.HAL_I2S_MspInit
                0x0000000008000c00       0xbc build/stm32f4xx_hal_msp.o
                0x0000000008000c00                HAL_I2S_MspInit
 .text.HAL_SPI_MspInit
                0x0000000008000cbc       0x70 build/stm32f4xx_hal_msp.o
                0x0000000008000cbc                HAL_SPI_MspInit
 .text.HAL_HCD_MspInit
                0x0000000008000d2c       0x98 build/usbh_conf.o
                0x0000000008000d2c                HAL_HCD_MspInit
 .text.HAL_HCD_SOF_Callback
                0x0000000008000dc4        0xc build/usbh_conf.o
                0x0000000008000dc4                HAL_HCD_SOF_Callback
 .text.HAL_HCD_Connect_Callback
                0x0000000008000dd0        0xc build/usbh_conf.o
                0x0000000008000dd0                HAL_HCD_Connect_Callback
 .text.HAL_HCD_Disconnect_Callback
                0x0000000008000ddc        0xc build/usbh_conf.o
                0x0000000008000ddc                HAL_HCD_Disconnect_Callback
 .text.HAL_HCD_HC_NotifyURBChange_Callback
                0x0000000008000de8        0x2 build/usbh_conf.o
                0x0000000008000de8                HAL_HCD_HC_NotifyURBChange_Callback
 .text.HAL_HCD_PortEnabled_Callback
                0x0000000008000dea        0xc build/usbh_conf.o
                0x0000000008000dea                HAL_HCD_PortEnabled_Callback
 .text.HAL_HCD_PortDisabled_Callback
                0x0000000008000df6        0xc build/usbh_conf.o
                0x0000000008000df6                HAL_HCD_PortDisabled_Callback
 *fill*         0x0000000008000e02        0x2 
 .text.USBH_LL_Init
                0x0000000008000e04       0x54 build/usbh_conf.o
                0x0000000008000e04                USBH_LL_Init
 .text.USBH_LL_GetSpeed
                0x0000000008000e58       0x20 build/usbh_conf.o
                0x0000000008000e58                USBH_LL_GetSpeed
 .text.USBH_LL_GetLastXferSize
                0x0000000008000e78        0xc build/usbh_conf.o
                0x0000000008000e78                USBH_LL_GetLastXferSize
 .text.USBH_LL_GetURBState
                0x0000000008000e84        0xc build/usbh_conf.o
                0x0000000008000e84                USBH_LL_GetURBState
 .text.USBH_LL_DriverVBUS
                0x0000000008000e90       0x1c build/usbh_conf.o
                0x0000000008000e90                USBH_LL_DriverVBUS
 .text.USBH_LL_SetToggle
                0x0000000008000eac       0x2a build/usbh_conf.o
                0x0000000008000eac                USBH_LL_SetToggle
 .text.USBH_Delay
                0x0000000008000ed6        0x8 build/usbh_conf.o
                0x0000000008000ed6                USBH_Delay
 .text.USBH_Get_USB_Status
                0x0000000008000ede       0x14 build/usbh_conf.o
                0x0000000008000ede                USBH_Get_USB_Status
 .text.USBH_LL_Start
                0x0000000008000ef2       0x10 build/usbh_conf.o
                0x0000000008000ef2                USBH_LL_Start
 .text.USBH_LL_Stop
                0x0000000008000f02       0x10 build/usbh_conf.o
                0x0000000008000f02                USBH_LL_Stop
 .text.USBH_LL_ResetPort
                0x0000000008000f12       0x10 build/usbh_conf.o
                0x0000000008000f12                USBH_LL_ResetPort
 .text.USBH_LL_OpenPipe
                0x0000000008000f22       0x26 build/usbh_conf.o
                0x0000000008000f22                USBH_LL_OpenPipe
 .text.USBH_LL_ClosePipe
                0x0000000008000f48       0x10 build/usbh_conf.o
                0x0000000008000f48                USBH_LL_ClosePipe
 .text.USBH_LL_SubmitURB
                0x0000000008000f58       0x2a build/usbh_conf.o
                0x0000000008000f58                USBH_LL_SubmitURB
 *fill*         0x0000000008000f82        0x2 
 .text.MX_DriverVbusFS
                0x0000000008000f84       0x18 build/usbh_platform.o
                0x0000000008000f84                MX_DriverVbusFS
 .text.USBH_UserProcess
                0x0000000008000f9c       0x2c build/usb_host.o
 .text.MX_USB_HOST_Init
                0x0000000008000fc8       0x40 build/usb_host.o
                0x0000000008000fc8                MX_USB_HOST_Init
 .text.MX_USB_HOST_Process
                0x0000000008001008       0x10 build/usb_host.o
                0x0000000008001008                MX_USB_HOST_Process
 .text.HCD_RXQLVL_IRQHandler
                0x0000000008001018       0x9e build/stm32f4xx_hal_hcd.o
 .text.HAL_HCD_HC_Init
                0x00000000080010b6       0x8e build/stm32f4xx_hal_hcd.o
                0x00000000080010b6                HAL_HCD_HC_Init
 .text.HAL_HCD_HC_Halt
                0x0000000008001144       0x24 build/stm32f4xx_hal_hcd.o
                0x0000000008001144                HAL_HCD_HC_Halt
 .text.HAL_HCD_Init
                0x0000000008001168       0x94 build/stm32f4xx_hal_hcd.o
                0x0000000008001168                HAL_HCD_Init
 .text.HAL_HCD_HC_SubmitRequest
                0x00000000080011fc      0x160 build/stm32f4xx_hal_hcd.o
                0x00000000080011fc                HAL_HCD_HC_SubmitRequest
 .text.HCD_Port_IRQHandler
                0x000000000800135c       0xb0 build/stm32f4xx_hal_hcd.o
 .text.HCD_HC_IN_IRQHandler
                0x000000000800140c      0x2b6 build/stm32f4xx_hal_hcd.o
 .text.HCD_HC_OUT_IRQHandler
                0x00000000080016c2      0x2c2 build/stm32f4xx_hal_hcd.o
 .text.HAL_HCD_IRQHandler
                0x0000000008001984      0x156 build/stm32f4xx_hal_hcd.o
                0x0000000008001984                HAL_HCD_IRQHandler
 .text.HAL_HCD_Start
                0x0000000008001ada       0x2a build/stm32f4xx_hal_hcd.o
                0x0000000008001ada                HAL_HCD_Start
 .text.HAL_HCD_Stop
                0x0000000008001b04       0x24 build/stm32f4xx_hal_hcd.o
                0x0000000008001b04                HAL_HCD_Stop
 .text.HAL_HCD_ResetPort
                0x0000000008001b28        0xa build/stm32f4xx_hal_hcd.o
                0x0000000008001b28                HAL_HCD_ResetPort
 .text.HAL_HCD_HC_GetURBState
                0x0000000008001b32        0xc build/stm32f4xx_hal_hcd.o
                0x0000000008001b32                HAL_HCD_HC_GetURBState
 .text.HAL_HCD_HC_GetXferCount
                0x0000000008001b3e        0xa build/stm32f4xx_hal_hcd.o
                0x0000000008001b3e                HAL_HCD_HC_GetXferCount
 .text.HAL_HCD_GetCurrentFrame
                0x0000000008001b48        0xa build/stm32f4xx_hal_hcd.o
                0x0000000008001b48                HAL_HCD_GetCurrentFrame
 .text.HAL_HCD_GetCurrentSpeed
                0x0000000008001b52        0xa build/stm32f4xx_hal_hcd.o
                0x0000000008001b52                HAL_HCD_GetCurrentSpeed
 .text.USB_CoreReset
                0x0000000008001b5c       0x50 build/stm32f4xx_ll_usb.o
 .text.USB_CoreInit
                0x0000000008001bac       0x8a build/stm32f4xx_ll_usb.o
                0x0000000008001bac                USB_CoreInit
 .text.USB_EnableGlobalInt
                0x0000000008001c36        0xc build/stm32f4xx_ll_usb.o
                0x0000000008001c36                USB_EnableGlobalInt
 .text.USB_DisableGlobalInt
                0x0000000008001c42        0xc build/stm32f4xx_ll_usb.o
                0x0000000008001c42                USB_DisableGlobalInt
 *fill*         0x0000000008001c4e        0x2 
 .text.USB_FlushTxFifo
                0x0000000008001c50       0x50 build/stm32f4xx_ll_usb.o
                0x0000000008001c50                USB_FlushTxFifo
 .text.USB_FlushRxFifo
                0x0000000008001ca0       0x4c build/stm32f4xx_ll_usb.o
                0x0000000008001ca0                USB_FlushRxFifo
 .text.USB_WritePacket
                0x0000000008001cec       0x28 build/stm32f4xx_ll_usb.o
                0x0000000008001cec                USB_WritePacket
 .text.USB_ReadPacket
                0x0000000008001d14       0x4c build/stm32f4xx_ll_usb.o
                0x0000000008001d14                USB_ReadPacket
 .text.USB_ReadInterrupts
                0x0000000008001d60        0x8 build/stm32f4xx_ll_usb.o
                0x0000000008001d60                USB_ReadInterrupts
 .text.USB_GetMode
                0x0000000008001d68        0x8 build/stm32f4xx_ll_usb.o
                0x0000000008001d68                USB_GetMode
 .text.USB_SetCurrentMode
                0x0000000008001d70       0x62 build/stm32f4xx_ll_usb.o
                0x0000000008001d70                USB_SetCurrentMode
 *fill*         0x0000000008001dd2        0x2 
 .text.USB_HostInit
                0x0000000008001dd4       0xf8 build/stm32f4xx_ll_usb.o
                0x0000000008001dd4                USB_HostInit
 .text.USB_InitFSLSPClkSel
                0x0000000008001ecc       0x40 build/stm32f4xx_ll_usb.o
                0x0000000008001ecc                USB_InitFSLSPClkSel
 .text.USB_ResetPort
                0x0000000008001f0c       0x3e build/stm32f4xx_ll_usb.o
                0x0000000008001f0c                USB_ResetPort
 .text.USB_DriveVbus
                0x0000000008001f4a       0x46 build/stm32f4xx_ll_usb.o
                0x0000000008001f4a                USB_DriveVbus
 .text.USB_GetHostSpeed
                0x0000000008001f90       0x16 build/stm32f4xx_ll_usb.o
                0x0000000008001f90                USB_GetHostSpeed
 .text.USB_GetCurrentFrame
                0x0000000008001fa6        0xa build/stm32f4xx_ll_usb.o
                0x0000000008001fa6                USB_GetCurrentFrame
 .text.USB_HC_Init
                0x0000000008001fb0      0x128 build/stm32f4xx_ll_usb.o
                0x0000000008001fb0                USB_HC_Init
 .text.USB_HC_ReadInterrupt
                0x00000000080020d8        0xa build/stm32f4xx_ll_usb.o
                0x00000000080020d8                USB_HC_ReadInterrupt
 .text.USB_HC_Halt
                0x00000000080020e2       0xe0 build/stm32f4xx_ll_usb.o
                0x00000000080020e2                USB_HC_Halt
 *fill*         0x00000000080021c2        0x2 
 .text.USB_DoPing
                0x00000000080021c4       0x24 build/stm32f4xx_ll_usb.o
                0x00000000080021c4                USB_DoPing
 .text.USB_HC_StartXfer
                0x00000000080021e8      0x154 build/stm32f4xx_ll_usb.o
                0x00000000080021e8                USB_HC_StartXfer
 .text.USB_StopHost
                0x000000000800233c       0x94 build/stm32f4xx_ll_usb.o
                0x000000000800233c                USB_StopHost
 .text.HAL_RCC_OscConfig
                0x00000000080023d0      0x3f8 build/stm32f4xx_hal_rcc.o
                0x00000000080023d0                HAL_RCC_OscConfig
 .text.HAL_RCC_GetSysClockFreq
                0x00000000080027c8       0xcc build/stm32f4xx_hal_rcc.o
                0x00000000080027c8                HAL_RCC_GetSysClockFreq
 .text.HAL_RCC_ClockConfig
                0x0000000008002894      0x160 build/stm32f4xx_hal_rcc.o
                0x0000000008002894                HAL_RCC_ClockConfig
 .text.HAL_RCC_GetHCLKFreq
                0x00000000080029f4        0xc build/stm32f4xx_hal_rcc.o
                0x00000000080029f4                HAL_RCC_GetHCLKFreq
 .text.HAL_RCC_GetPCLK1Freq
                0x0000000008002a00       0x20 build/stm32f4xx_hal_rcc.o
                0x0000000008002a00                HAL_RCC_GetPCLK1Freq
 .text.HAL_RCCEx_PeriphCLKConfig
                0x0000000008002a20      0x154 build/stm32f4xx_hal_rcc_ex.o
                0x0000000008002a20                HAL_RCCEx_PeriphCLKConfig
 .text.HAL_RCCEx_GetPeriphCLKFreq
                0x0000000008002b74       0x74 build/stm32f4xx_hal_rcc_ex.o
                0x0000000008002b74                HAL_RCCEx_GetPeriphCLKFreq
 .text.HAL_GPIO_Init
                0x0000000008002be8      0x1d4 build/stm32f4xx_hal_gpio.o
                0x0000000008002be8                HAL_GPIO_Init
 .text.HAL_GPIO_WritePin
                0x0000000008002dbc        0xc build/stm32f4xx_hal_gpio.o
                0x0000000008002dbc                HAL_GPIO_WritePin
 .text.HAL_GPIO_TogglePin
                0x0000000008002dc8       0x12 build/stm32f4xx_hal_gpio.o
                0x0000000008002dc8                HAL_GPIO_TogglePin
 *fill*         0x0000000008002dda        0x2 
 .text.HAL_NVIC_SetPriorityGrouping
                0x0000000008002ddc       0x24 build/stm32f4xx_hal_cortex.o
                0x0000000008002ddc                HAL_NVIC_SetPriorityGrouping
 .text.HAL_NVIC_SetPriority
                0x0000000008002e00       0x68 build/stm32f4xx_hal_cortex.o
                0x0000000008002e00                HAL_NVIC_SetPriority
 .text.HAL_NVIC_EnableIRQ
                0x0000000008002e68       0x1c build/stm32f4xx_hal_cortex.o
                0x0000000008002e68                HAL_NVIC_EnableIRQ
 .text.HAL_SYSTICK_Config
                0x0000000008002e84       0x2c build/stm32f4xx_hal_cortex.o
                0x0000000008002e84                HAL_SYSTICK_Config
 .text.HAL_InitTick
                0x0000000008002eb0       0x4c build/stm32f4xx_hal.o
                0x0000000008002eb0                HAL_InitTick
 .text.HAL_Init
                0x0000000008002efc       0x34 build/stm32f4xx_hal.o
                0x0000000008002efc                HAL_Init
 .text.HAL_IncTick
                0x0000000008002f30       0x18 build/stm32f4xx_hal.o
                0x0000000008002f30                HAL_IncTick
 .text.HAL_GetTick
                0x0000000008002f48        0xc build/stm32f4xx_hal.o
                0x0000000008002f48                HAL_GetTick
 .text.HAL_Delay
                0x0000000008002f54       0x28 build/stm32f4xx_hal.o
                0x0000000008002f54                HAL_Delay
 .text.HAL_I2C_Init
                0x0000000008002f7c      0x1bc build/stm32f4xx_hal_i2c.o
                0x0000000008002f7c                HAL_I2C_Init
 .text.HAL_I2S_Init
                0x0000000008003138      0x198 build/stm32f4xx_hal_i2s.o
                0x0000000008003138                HAL_I2S_Init
 .text.HAL_I2S_TxCpltCallback
                0x00000000080032d0        0x2 build/stm32f4xx_hal_i2s.o
                0x00000000080032d0                HAL_I2S_TxCpltCallback
 .text.I2S_Transmit_IT
                0x00000000080032d2       0x38 build/stm32f4xx_hal_i2s.o
 .text.HAL_I2S_RxCpltCallback
                0x000000000800330a        0x2 build/stm32f4xx_hal_i2s.o
                0x000000000800330a                HAL_I2S_RxCpltCallback
 .text.I2S_Receive_IT
                0x000000000800330c       0x38 build/stm32f4xx_hal_i2s.o
 .text.HAL_I2S_ErrorCallback
                0x0000000008003344        0x2 build/stm32f4xx_hal_i2s.o
                0x0000000008003344                HAL_I2S_ErrorCallback
 .text.I2S_IRQHandler
                0x0000000008003346       0xd0 build/stm32f4xx_hal_i2s.o
 .text.HAL_I2SEx_TxRxCpltCallback
                0x0000000008003416        0x2 build/stm32f4xx_hal_i2s_ex.o
                0x0000000008003416                HAL_I2SEx_TxRxCpltCallback
 .text.I2SEx_TxISR_I2S
                0x0000000008003418       0x3c build/stm32f4xx_hal_i2s_ex.o
 .text.I2SEx_RxISR_I2SExt
                0x0000000008003454       0x64 build/stm32f4xx_hal_i2s_ex.o
 .text.I2SEx_TxISR_I2SExt
                0x00000000080034b8       0x64 build/stm32f4xx_hal_i2s_ex.o
 .text.I2SEx_RxISR_I2S
                0x000000000800351c       0x3c build/stm32f4xx_hal_i2s_ex.o
 .text.HAL_I2SEx_FullDuplex_IRQHandler
                0x0000000008003558      0x1d8 build/stm32f4xx_hal_i2s_ex.o
                0x0000000008003558                HAL_I2SEx_FullDuplex_IRQHandler
 .text.HAL_SPI_Init
                0x0000000008003730       0xbe build/stm32f4xx_hal_spi.o
                0x0000000008003730                HAL_SPI_Init
 *fill*         0x00000000080037ee        0x2 
 .text.SystemInit
                0x00000000080037f0       0x14 build/system_stm32f4xx.o
                0x00000000080037f0                SystemInit
 .text.DeInitStateMachine
                0x0000000008003804       0x5a build/usbh_core.o
 .text.USBH_HandleSof
                0x000000000800385e       0x1a build/usbh_core.o
 .text.USBH_HandleEnum
                0x0000000008003878      0x26e build/usbh_core.o
 .text.USBH_Init
                0x0000000008003ae6       0x3e build/usbh_core.o
                0x0000000008003ae6                USBH_Init
 .text.USBH_RegisterClass
                0x0000000008003b24       0x22 build/usbh_core.o
                0x0000000008003b24                USBH_RegisterClass
 .text.USBH_SelectInterface
                0x0000000008003b46       0x14 build/usbh_core.o
                0x0000000008003b46                USBH_SelectInterface
 .text.USBH_FindInterface
                0x0000000008003b5a       0x50 build/usbh_core.o
                0x0000000008003b5a                USBH_FindInterface
 .text.USBH_Start
                0x0000000008003baa       0x14 build/usbh_core.o
                0x0000000008003baa                USBH_Start
 .text.USBH_Process
                0x0000000008003bbe      0x296 build/usbh_core.o
                0x0000000008003bbe                USBH_Process
 .text.USBH_LL_SetTimer
                0x0000000008003e54        0x6 build/usbh_core.o
                0x0000000008003e54                USBH_LL_SetTimer
 .text.USBH_LL_IncTimer
                0x0000000008003e5a       0x12 build/usbh_core.o
                0x0000000008003e5a                USBH_LL_IncTimer
 .text.USBH_LL_PortEnabled
                0x0000000008003e6c        0x8 build/usbh_core.o
                0x0000000008003e6c                USBH_LL_PortEnabled
 .text.USBH_LL_PortDisabled
                0x0000000008003e74        0x8 build/usbh_core.o
                0x0000000008003e74                USBH_LL_PortDisabled
 .text.USBH_LL_Connect
                0x0000000008003e7c       0x14 build/usbh_core.o
                0x0000000008003e7c                USBH_LL_Connect
 .text.USBH_LL_Disconnect
                0x0000000008003e90       0x2c build/usbh_core.o
                0x0000000008003e90                USBH_LL_Disconnect
 .text.USBH_ParseDevDesc
                0x0000000008003ebc       0x82 build/usbh_ctlreq.o
 .text.USBH_ParseInterfaceDesc
                0x0000000008003f3e       0x26 build/usbh_ctlreq.o
 .text.USBH_ParseEPDesc
                0x0000000008003f64       0x90 build/usbh_ctlreq.o
 .text.USBH_ParseStringDesc
                0x0000000008003ff4       0x3c build/usbh_ctlreq.o
 .text.USBH_HandleControl
                0x0000000008004030      0x1d8 build/usbh_ctlreq.o
 .text.USBH_GetNextDesc
                0x0000000008004208        0xe build/usbh_ctlreq.o
                0x0000000008004208                USBH_GetNextDesc
 .text.USBH_ParseCfgDesc
                0x0000000008004216      0x16a build/usbh_ctlreq.o
 .text.USBH_CtlReq
                0x0000000008004380       0x40 build/usbh_ctlreq.o
                0x0000000008004380                USBH_CtlReq
 .text.USBH_GetDescriptor
                0x00000000080043c0       0x3e build/usbh_ctlreq.o
                0x00000000080043c0                USBH_GetDescriptor
 .text.USBH_Get_DevDesc
                0x00000000080043fe       0x32 build/usbh_ctlreq.o
                0x00000000080043fe                USBH_Get_DevDesc
 .text.USBH_Get_CfgDesc
                0x0000000008004430       0x2c build/usbh_ctlreq.o
                0x0000000008004430                USBH_Get_CfgDesc
 .text.USBH_Get_StringDesc
                0x000000000800445c       0x30 build/usbh_ctlreq.o
                0x000000000800445c                USBH_Get_StringDesc
 .text.USBH_SetAddress
                0x000000000800448c       0x22 build/usbh_ctlreq.o
                0x000000000800448c                USBH_SetAddress
 .text.USBH_SetCfg
                0x00000000080044ae       0x22 build/usbh_ctlreq.o
                0x00000000080044ae                USBH_SetCfg
 .text.USBH_SetFeature
                0x00000000080044d0       0x22 build/usbh_ctlreq.o
                0x00000000080044d0                USBH_SetFeature
 .text.USBH_ClrFeature
                0x00000000080044f2       0x24 build/usbh_ctlreq.o
                0x00000000080044f2                USBH_ClrFeature
 .text.USBH_CtlSendSetup
                0x0000000008004516       0x22 build/usbh_ioreq.o
                0x0000000008004516                USBH_CtlSendSetup
 .text.USBH_CtlSendData
                0x0000000008004538       0x2c build/usbh_ioreq.o
                0x0000000008004538                USBH_CtlSendData
 .text.USBH_CtlReceiveData
                0x0000000008004564       0x20 build/usbh_ioreq.o
                0x0000000008004564                USBH_CtlReceiveData
 .text.USBH_BulkSendData
                0x0000000008004584       0x2c build/usbh_ioreq.o
                0x0000000008004584                USBH_BulkSendData
 .text.USBH_BulkReceiveData
                0x00000000080045b0       0x20 build/usbh_ioreq.o
                0x00000000080045b0                USBH_BulkReceiveData
 .text.USBH_GetFreePipe
                0x00000000080045d0       0x26 build/usbh_pipes.o
 .text.USBH_OpenPipe
                0x00000000080045f6       0x20 build/usbh_pipes.o
                0x00000000080045f6                USBH_OpenPipe
 .text.USBH_ClosePipe
                0x0000000008004616        0xa build/usbh_pipes.o
                0x0000000008004616                USBH_ClosePipe
 .text.USBH_AllocPipe
                0x0000000008004620       0x26 build/usbh_pipes.o
                0x0000000008004620                USBH_AllocPipe
 .text.USBH_FreePipe
                0x0000000008004646       0x16 build/usbh_pipes.o
                0x0000000008004646                USBH_FreePipe
 .text.USBH_CDC_SOFProcess
                0x000000000800465c        0x4 build/usbh_cdc.o
 .text.SetLineCoding
                0x0000000008004660       0x1a build/usbh_cdc.o
 .text.GetLineCoding
                0x000000000800467a       0x1a build/usbh_cdc.o
 .text.USBH_CDC_ClassRequest
                0x0000000008004694       0x22 build/usbh_cdc.o
 .text.USBH_CDC_InterfaceDeInit
                0x00000000080046b6       0x68 build/usbh_cdc.o
 .text.USBH_CDC_InterfaceInit
                0x000000000800471e      0x186 build/usbh_cdc.o
 .text.USBH_CDC_TransmitCallback
                0x00000000080048a4        0x2 build/usbh_cdc.o
                0x00000000080048a4                USBH_CDC_TransmitCallback
 .text.CDC_ProcessTransmission
                0x00000000080048a6       0x94 build/usbh_cdc.o
 .text.USBH_CDC_ReceiveCallback
                0x000000000800493a        0x2 build/usbh_cdc.o
                0x000000000800493a                USBH_CDC_ReceiveCallback
 .text.CDC_ProcessReception
                0x000000000800493c       0x68 build/usbh_cdc.o
 .text.USBH_CDC_LineCodingChanged
                0x00000000080049a4        0x2 build/usbh_cdc.o
                0x00000000080049a4                USBH_CDC_LineCodingChanged
 .text.USBH_CDC_Process
                0x00000000080049a6       0xb2 build/usbh_cdc.o
 .text.Reset_Handler
                0x0000000008004a58       0x50 build/startup_stm32f407xx.o
                0x0000000008004a58                Reset_Handler
 .text.Default_Handler
                0x0000000008004aa8        0x2 build/startup_stm32f407xx.o
                0x0000000008004aa8                RTC_Alarm_IRQHandler
                0x0000000008004aa8                HASH_RNG_IRQHandler
                0x0000000008004aa8                EXTI2_IRQHandler
                0x0000000008004aa8                TIM8_CC_IRQHandler
                0x0000000008004aa8                TIM1_CC_IRQHandler
                0x0000000008004aa8                DMA2_Stream5_IRQHandler
                0x0000000008004aa8                DMA1_Stream5_IRQHandler
                0x0000000008004aa8                PVD_IRQHandler
                0x0000000008004aa8                SDIO_IRQHandler
                0x0000000008004aa8                TAMP_STAMP_IRQHandler
                0x0000000008004aa8                CAN2_RX1_IRQHandler
                0x0000000008004aa8                EXTI3_IRQHandler
                0x0000000008004aa8                TIM8_TRG_COM_TIM14_IRQHandler
                0x0000000008004aa8                TIM1_UP_TIM10_IRQHandler
                0x0000000008004aa8                TIM8_UP_TIM13_IRQHandler
                0x0000000008004aa8                I2C3_ER_IRQHandler
                0x0000000008004aa8                EXTI0_IRQHandler
                0x0000000008004aa8                I2C2_EV_IRQHandler
                0x0000000008004aa8                DMA1_Stream2_IRQHandler
                0x0000000008004aa8                CAN1_RX0_IRQHandler
                0x0000000008004aa8                FPU_IRQHandler
                0x0000000008004aa8                OTG_HS_WKUP_IRQHandler
                0x0000000008004aa8                CAN2_SCE_IRQHandler
                0x0000000008004aa8                DMA2_Stream2_IRQHandler
                0x0000000008004aa8                SPI1_IRQHandler
                0x0000000008004aa8                TIM6_DAC_IRQHandler
                0x0000000008004aa8                TIM1_BRK_TIM9_IRQHandler
                0x0000000008004aa8                DCMI_IRQHandler
                0x0000000008004aa8                CAN2_RX0_IRQHandler
                0x0000000008004aa8                DMA2_Stream3_IRQHandler
                0x0000000008004aa8                USART6_IRQHandler
                0x0000000008004aa8                USART3_IRQHandler
                0x0000000008004aa8                CAN1_RX1_IRQHandler
                0x0000000008004aa8                UART5_IRQHandler
                0x0000000008004aa8                DMA2_Stream0_IRQHandler
                0x0000000008004aa8                TIM4_IRQHandler
                0x0000000008004aa8                I2C1_EV_IRQHandler
                0x0000000008004aa8                DMA1_Stream6_IRQHandler
                0x0000000008004aa8                DMA1_Stream1_IRQHandler
                0x0000000008004aa8                UART4_IRQHandler
                0x0000000008004aa8                TIM3_IRQHandler
                0x0000000008004aa8                RCC_IRQHandler
                0x0000000008004aa8                TIM8_BRK_TIM12_IRQHandler
                0x0000000008004aa8                Default_Handler
                0x0000000008004aa8                EXTI15_10_IRQHandler
                0x0000000008004aa8                ADC_IRQHandler
                0x0000000008004aa8                DMA1_Stream7_IRQHandler
                0x0000000008004aa8                TIM7_IRQHandler
                0x0000000008004aa8                CAN2_TX_IRQHandler
                0x0000000008004aa8                TIM5_IRQHandler
                0x0000000008004aa8                DMA2_Stream7_IRQHandler
                0x0000000008004aa8                I2C3_EV_IRQHandler
                0x0000000008004aa8                EXTI9_5_IRQHandler
                0x0000000008004aa8                RTC_WKUP_IRQHandler
                0x0000000008004aa8                ETH_WKUP_IRQHandler
                0x0000000008004aa8                SPI2_IRQHandler
                0x0000000008004aa8                OTG_HS_EP1_IN_IRQHandler
                0x0000000008004aa8                DMA1_Stream0_IRQHandler
                0x0000000008004aa8                CAN1_TX_IRQHandler
                0x0000000008004aa8                EXTI4_IRQHandler
                0x0000000008004aa8                FSMC_IRQHandler
                0x0000000008004aa8                ETH_IRQHandler
                0x0000000008004aa8                OTG_HS_EP1_OUT_IRQHandler
                0x0000000008004aa8                WWDG_IRQHandler
                0x0000000008004aa8                TIM2_IRQHandler
                0x0000000008004aa8                OTG_FS_WKUP_IRQHandler
                0x0000000008004aa8                TIM1_TRG_COM_TIM11_IRQHandler
                0x0000000008004aa8                OTG_HS_IRQHandler
                0x0000000008004aa8                EXTI1_IRQHandler
                0x0000000008004aa8                USART2_IRQHandler
                0x0000000008004aa8                I2C2_ER_IRQHandler
                0x0000000008004aa8                DMA2_Stream1_IRQHandler
                0x0000000008004aa8                CAN1_SCE_IRQHandler
                0x0000000008004aa8                FLASH_IRQHandler
                0x0000000008004aa8                DMA2_Stream4_IRQHandler
                0x0000000008004aa8                USART1_IRQHandler
                0x0000000008004aa8                SPI3_IRQHandler
                0x0000000008004aa8                DMA1_Stream4_IRQHandler
                0x0000000008004aa8                I2C1_ER_IRQHandler
                0x0000000008004aa8                DMA2_Stream6_IRQHandler
                0x0000000008004aa8                DMA1_Stream3_IRQHandler
 *(.glue_7)
 .glue_7        0x0000000008004aaa        0x0 linker stubs
 *(.glue_7t)
 .glue_7t       0x0000000008004aaa        0x0 linker stubs
 *(.eh_frame)
 *fill*         0x0000000008004aaa        0x2 
 .eh_frame      0x0000000008004aac        0x0 /usr/lib/gcc/arm-none-eabi/9.2.1/thumb/v7e-m+fp/hard/crtbegin.o
 *(.init)
 .init          0x0000000008004aac        0x4 /usr/lib/gcc/arm-none-eabi/9.2.1/thumb/v7e-m+fp/hard/crti.o
                0x0000000008004aac                _init
 .init          0x0000000008004ab0        0x8 /usr/lib/gcc/arm-none-eabi/9.2.1/thumb/v7e-m+fp/hard/crtn.o
 *(.fini)
 .fini          0x0000000008004ab8        0x4 /usr/lib/gcc/arm-none-eabi/9.2.1/thumb/v7e-m+fp/hard/crti.o
                0x0000000008004ab8                _fini
 .fini          0x0000000008004abc        0x8 /usr/lib/gcc/arm-none-eabi/9.2.1/thumb/v7e-m+fp/hard/crtn.o
                0x0000000008004ac4                . = ALIGN (0x4)
                0x0000000008004ac4                _etext = .

.vfp11_veneer   0x0000000008004ac4        0x0
 .vfp11_veneer  0x0000000008004ac4        0x0 linker stubs

.v4_bx          0x0000000008004ac4        0x0
 .v4_bx         0x0000000008004ac4        0x0 linker stubs

.iplt           0x0000000008004ac4        0x0
 .iplt          0x0000000008004ac4        0x0 /usr/lib/gcc/arm-none-eabi/9.2.1/thumb/v7e-m+fp/hard/crtbegin.o

.rodata         0x0000000008004ac4       0x1c
                0x0000000008004ac4                . = ALIGN (0x4)
 *(.rodata)
 *(.rodata*)
 .rodata.AHBPrescTable
                0x0000000008004ac4       0x10 build/system_stm32f4xx.o
                0x0000000008004ac4                AHBPrescTable
 .rodata.APBPrescTable
                0x0000000008004ad4        0x8 build/system_stm32f4xx.o
                0x0000000008004ad4                APBPrescTable
 .rodata.str1.4
                0x0000000008004adc        0x4 build/usbh_cdc.o
                0x0000000008004ae0                . = ALIGN (0x4)

.ARM.extab
 *(.ARM.extab* .gnu.linkonce.armextab.*)

.ARM            0x0000000008004ae0        0x8
                0x0000000008004ae0                __exidx_start = .
 *(.ARM.exidx*)
 .ARM.exidx     0x0000000008004ae0        0x8 /usr/lib/gcc/arm-none-eabi/9.2.1/thumb/v7e-m+fp/hard/libgcc.a(_udivmoddi4.o)
                0x0000000008004ae8                __exidx_end = .

.rel.dyn        0x0000000008004ae8        0x0
 .rel.iplt      0x0000000008004ae8        0x0 /usr/lib/gcc/arm-none-eabi/9.2.1/thumb/v7e-m+fp/hard/crtbegin.o

.preinit_array  0x0000000008004ae8        0x0
                0x0000000008004ae8                PROVIDE (__preinit_array_start = .)
 *(.preinit_array*)
                0x0000000008004ae8                PROVIDE (__preinit_array_end = .)

.init_array     0x0000000008004ae8        0x4
                0x0000000008004ae8                PROVIDE (__init_array_start = .)
 *(SORT_BY_NAME(.init_array.*))
 *(.init_array*)
 .init_array    0x0000000008004ae8        0x4 /usr/lib/gcc/arm-none-eabi/9.2.1/thumb/v7e-m+fp/hard/crtbegin.o
                0x0000000008004aec                PROVIDE (__init_array_end = .)

.fini_array     0x0000000008004aec        0x4
                0x0000000008004aec                PROVIDE (__fini_array_start = .)
 *(SORT_BY_NAME(.fini_array.*))
 *(.fini_array*)
 .fini_array    0x0000000008004aec        0x4 /usr/lib/gcc/arm-none-eabi/9.2.1/thumb/v7e-m+fp/hard/crtbegin.o
                0x0000000008004af0                PROVIDE (__fini_array_end = .)
                0x0000000008004af0                _sidata = LOADADDR (.data)

.data           0x0000000020000000       0x90 load address 0x0000000008004af0
                0x0000000020000000                . = ALIGN (0x4)
                0x0000000020000000                _sdata = .
 *(.data)
 .data          0x0000000020000000       0x64 /usr/lib/gcc/arm-none-eabi/9.2.1/../../../arm-none-eabi/lib/thumb/v7e-m+fp/hard/libc_nano.a(lib_a-impure.o)
                0x0000000020000000                _impure_ptr
 *(.data*)
 .data.uwTickFreq
                0x0000000020000064        0x1 build/stm32f4xx_hal.o
                0x0000000020000064                uwTickFreq
 *fill*         0x0000000020000065        0x3 
 .data.uwTickPrio
                0x0000000020000068        0x4 build/stm32f4xx_hal.o
                0x0000000020000068                uwTickPrio
 .data.SystemCoreClock
                0x000000002000006c        0x4 build/system_stm32f4xx.o
                0x000000002000006c                SystemCoreClock
 .data.CDC_Class
                0x0000000020000070       0x20 build/usbh_cdc.o
                0x0000000020000070                CDC_Class
                0x0000000020000090                . = ALIGN (0x4)
                0x0000000020000090                _edata = .
                0x0000000008004b80                _siccmram = LOADADDR (.ccmram)

.tm_clone_table
                0x0000000020000090        0x0 load address 0x0000000008004b80
 .tm_clone_table
                0x0000000020000090        0x0 /usr/lib/gcc/arm-none-eabi/9.2.1/thumb/v7e-m+fp/hard/crtbegin.o
 .tm_clone_table
                0x0000000020000090        0x0 /usr/lib/gcc/arm-none-eabi/9.2.1/thumb/v7e-m+fp/hard/crtend.o

.igot.plt       0x0000000020000090        0x0 load address 0x0000000008004b80
 .igot.plt      0x0000000020000090        0x0 /usr/lib/gcc/arm-none-eabi/9.2.1/thumb/v7e-m+fp/hard/crtbegin.o

.ccmram         0x0000000010000000        0x0 load address 0x0000000008004b80
                0x0000000010000000                . = ALIGN (0x4)
                0x0000000010000000                _sccmram = .
 *(.ccmram)
 *(.ccmram*)
                0x0000000010000000                . = ALIGN (0x4)
                0x0000000010000000                _eccmram = .
                0x0000000010000000                . = ALIGN (0x4)

.bss            0x0000000020000090      0x804
                0x0000000020000090                _sbss = .
                0x0000000020000090                __bss_start__ = _sbss
 *(.bss)
 .bss           0x0000000020000090       0x1c /usr/lib/gcc/arm-none-eabi/9.2.1/thumb/v7e-m+fp/hard/crtbegin.o
 .bss           0x00000000200000ac        0x8 /usr/lib/gcc/arm-none-eabi/9.2.1/../../../arm-none-eabi/lib/thumb/v7e-m+fp/hard/libc_nano.a(lib_a-nano-mallocr.o)
                0x00000000200000ac                __malloc_free_list
                0x00000000200000b0                __malloc_sbrk_start
 .bss           0x00000000200000b4        0x4 /usr/lib/gcc/arm-none-eabi/9.2.1/../../../arm-none-eabi/lib/thumb/v7e-m+fp/hard/libnosys.a(sbrk.o)
 *(.bss*)
 .bss.Appli_state
                0x00000000200000b8        0x1 build/usb_host.o
                0x00000000200000b8                Appli_state
 *(COMMON)
 *fill*         0x00000000200000b9        0x3 
 COMMON         0x00000000200000bc       0xf4 build/main.o
                0x00000000200000bc                hi2c1
                0x0000000020000110                hspi1
                0x0000000020000168                hi2s3
 COMMON         0x00000000200001b0      0x304 build/usbh_conf.o
                0x00000000200001b0                hhcd_USB_OTG_FS
 COMMON         0x00000000200004b4      0x3d8 build/usb_host.o
                0x00000000200004b4                hUsbHostFS
 COMMON         0x000000002000088c        0x4 build/stm32f4xx_hal.o
                0x000000002000088c                uwTick
 COMMON         0x0000000020000890        0x4 /usr/lib/gcc/arm-none-eabi/9.2.1/../../../arm-none-eabi/lib/thumb/v7e-m+fp/hard/libc_nano.a(lib_a-reent.o)
                0x0000000020000890                errno
                0x0000000020000894                . = ALIGN (0x4)
                0x0000000020000894                _ebss = .
                0x0000000020000894                __bss_end__ = _ebss

._user_heap_stack
                0x0000000020000894      0x604
                0x0000000020000898                . = ALIGN (0x8)
 *fill*         0x0000000020000894        0x4 
                0x0000000020000898                PROVIDE (end = .)
                [!provide]                        PROVIDE (_end = .)
                0x0000000020000a98                . = (. + _Min_Heap_Size)
 *fill*         0x0000000020000898      0x200 
                0x0000000020000e98                . = (. + _Min_Stack_Size)
 *fill*         0x0000000020000a98      0x400 
                0x0000000020000e98                . = ALIGN (0x8)

/DISCARD/
 libc.a(*)
 libm.a(*)
 libgcc.a(*)

.ARM.attributes
                0x0000000000000000       0x30
 *(.ARM.attributes)
 .ARM.attributes
                0x0000000000000000       0x1e /usr/lib/gcc/arm-none-eabi/9.2.1/thumb/v7e-m+fp/hard/crti.o
 .ARM.attributes
                0x000000000000001e       0x34 /usr/lib/gcc/arm-none-eabi/9.2.1/thumb/v7e-m+fp/hard/crtbegin.o
 .ARM.attributes
                0x0000000000000052       0x34 build/main.o
 .ARM.attributes
                0x0000000000000086       0x34 build/stm32f4xx_it.o
 .ARM.attributes
                0x00000000000000ba       0x34 build/stm32f4xx_hal_msp.o
 .ARM.attributes
                0x00000000000000ee       0x34 build/usbh_conf.o
 .ARM.attributes
                0x0000000000000122       0x34 build/usbh_platform.o
 .ARM.attributes
                0x0000000000000156       0x34 build/usb_host.o
 .ARM.attributes
                0x000000000000018a       0x34 build/stm32f4xx_hal_hcd.o
 .ARM.attributes
                0x00000000000001be       0x34 build/stm32f4xx_ll_usb.o
 .ARM.attributes
                0x00000000000001f2       0x34 build/stm32f4xx_hal_rcc.o
 .ARM.attributes
                0x0000000000000226       0x34 build/stm32f4xx_hal_rcc_ex.o
 .ARM.attributes
                0x000000000000025a       0x34 build/stm32f4xx_hal_gpio.o
 .ARM.attributes
                0x000000000000028e       0x34 build/stm32f4xx_hal_cortex.o
 .ARM.attributes
                0x00000000000002c2       0x34 build/stm32f4xx_hal.o
 .ARM.attributes
                0x00000000000002f6       0x34 build/stm32f4xx_hal_i2c.o
 .ARM.attributes
                0x000000000000032a       0x34 build/stm32f4xx_hal_i2s.o
 .ARM.attributes
                0x000000000000035e       0x34 build/stm32f4xx_hal_i2s_ex.o
 .ARM.attributes
                0x0000000000000392       0x34 build/stm32f4xx_hal_spi.o
 .ARM.attributes
                0x00000000000003c6       0x34 build/system_stm32f4xx.o
 .ARM.attributes
                0x00000000000003fa       0x34 build/usbh_core.o
 .ARM.attributes
                0x000000000000042e       0x34 build/usbh_ctlreq.o
 .ARM.attributes
                0x0000000000000462       0x34 build/usbh_ioreq.o
 .ARM.attributes
                0x0000000000000496       0x34 build/usbh_pipes.o
 .ARM.attributes
                0x00000000000004ca       0x34 build/usbh_cdc.o
 .ARM.attributes
                0x00000000000004fe       0x21 build/startup_stm32f407xx.o
 .ARM.attributes
                0x000000000000051f       0x32 /usr/lib/gcc/arm-none-eabi/9.2.1/../../../arm-none-eabi/lib/thumb/v7e-m+fp/hard/libc_nano.a(lib_a-impure.o)
 .ARM.attributes
                0x0000000000000551       0x34 /usr/lib/gcc/arm-none-eabi/9.2.1/../../../arm-none-eabi/lib/thumb/v7e-m+fp/hard/libc_nano.a(lib_a-init.o)
 .ARM.attributes
                0x0000000000000585       0x34 /usr/lib/gcc/arm-none-eabi/9.2.1/../../../arm-none-eabi/lib/thumb/v7e-m+fp/hard/libc_nano.a(lib_a-malloc.o)
 .ARM.attributes
                0x00000000000005b9       0x34 /usr/lib/gcc/arm-none-eabi/9.2.1/../../../arm-none-eabi/lib/thumb/v7e-m+fp/hard/libc_nano.a(lib_a-memset.o)
 .ARM.attributes
                0x00000000000005ed       0x34 /usr/lib/gcc/arm-none-eabi/9.2.1/../../../arm-none-eabi/lib/thumb/v7e-m+fp/hard/libc_nano.a(lib_a-nano-freer.o)
 .ARM.attributes
                0x0000000000000621       0x34 /usr/lib/gcc/arm-none-eabi/9.2.1/../../../arm-none-eabi/lib/thumb/v7e-m+fp/hard/libc_nano.a(lib_a-nano-mallocr.o)
 .ARM.attributes
                0x0000000000000655       0x34 /usr/lib/gcc/arm-none-eabi/9.2.1/../../../arm-none-eabi/lib/thumb/v7e-m+fp/hard/libc_nano.a(lib_a-sbrkr.o)
 .ARM.attributes
                0x0000000000000689       0x34 /usr/lib/gcc/arm-none-eabi/9.2.1/../../../arm-none-eabi/lib/thumb/v7e-m+fp/hard/libc_nano.a(lib_a-mlock.o)
 .ARM.attributes
                0x00000000000006bd       0x34 /usr/lib/gcc/arm-none-eabi/9.2.1/../../../arm-none-eabi/lib/thumb/v7e-m+fp/hard/libc_nano.a(lib_a-reent.o)
 .ARM.attributes
                0x00000000000006f1       0x34 /usr/lib/gcc/arm-none-eabi/9.2.1/../../../arm-none-eabi/lib/thumb/v7e-m+fp/hard/libnosys.a(sbrk.o)
 .ARM.attributes
                0x0000000000000725       0x1e /usr/lib/gcc/arm-none-eabi/9.2.1/thumb/v7e-m+fp/hard/libgcc.a(_aeabi_uldivmod.o)
 .ARM.attributes
                0x0000000000000743       0x34 /usr/lib/gcc/arm-none-eabi/9.2.1/thumb/v7e-m+fp/hard/libgcc.a(_udivmoddi4.o)
 .ARM.attributes
                0x0000000000000777       0x1e /usr/lib/gcc/arm-none-eabi/9.2.1/thumb/v7e-m+fp/hard/libgcc.a(_dvmd_tls.o)
 .ARM.attributes
                0x0000000000000795       0x32 /usr/lib/gcc/arm-none-eabi/9.2.1/thumb/v7e-m+fp/hard/crtend.o
 .ARM.attributes
                0x00000000000007c7       0x1e /usr/lib/gcc/arm-none-eabi/9.2.1/thumb/v7e-m+fp/hard/crtn.o
OUTPUT(build/Discovery.elf elf32-littlearm)
LOAD linker stubs
LOAD /usr/lib/gcc/arm-none-eabi/9.2.1/../../../arm-none-eabi/lib/thumb/v7e-m+fp/hard/libc.a
LOAD /usr/lib/gcc/arm-none-eabi/9.2.1/../../../arm-none-eabi/lib/thumb/v7e-m+fp/hard/libm.a
LOAD /usr/lib/gcc/arm-none-eabi/9.2.1/thumb/v7e-m+fp/hard/libgcc.a

.comment        0x0000000000000000       0xa7
 .comment       0x0000000000000000       0x59 /usr/lib/gcc/arm-none-eabi/9.2.1/thumb/v7e-m+fp/hard/crtbegin.o
                                         0x5a (size before relaxing)
 .comment       0x0000000000000059       0x5a build/main.o
 .comment       0x0000000000000059       0x5a build/stm32f4xx_it.o
 .comment       0x0000000000000059       0x5a build/stm32f4xx_hal_msp.o
 .comment       0x0000000000000059       0x5a build/usbh_conf.o
 .comment       0x0000000000000059       0x5a build/usbh_platform.o
 .comment       0x0000000000000059       0x5a build/usb_host.o
 .comment       0x0000000000000059       0x5a build/stm32f4xx_hal_hcd.o
 .comment       0x0000000000000059       0x5a build/stm32f4xx_ll_usb.o
 .comment       0x0000000000000059       0x5a build/stm32f4xx_hal_rcc.o
 .comment       0x0000000000000059       0x5a build/stm32f4xx_hal_rcc_ex.o
 .comment       0x0000000000000059       0x5a build/stm32f4xx_hal_gpio.o
 .comment       0x0000000000000059       0x5a build/stm32f4xx_hal_cortex.o
 .comment       0x0000000000000059       0x5a build/stm32f4xx_hal.o
 .comment       0x0000000000000059       0x5a build/stm32f4xx_hal_i2c.o
 .comment       0x0000000000000059       0x5a build/stm32f4xx_hal_i2s.o
 .comment       0x0000000000000059       0x5a build/stm32f4xx_hal_i2s_ex.o
 .comment       0x0000000000000059       0x5a build/stm32f4xx_hal_spi.o
 .comment       0x0000000000000059       0x5a build/system_stm32f4xx.o
 .comment       0x0000000000000059       0x5a build/usbh_core.o
 .comment       0x0000000000000059       0x5a build/usbh_ctlreq.o
 .comment       0x0000000000000059       0x5a build/usbh_ioreq.o
 .comment       0x0000000000000059       0x5a build/usbh_pipes.o
 .comment       0x0000000000000059       0x5a build/usbh_cdc.o
 .comment       0x0000000000000059       0x4e /usr/lib/gcc/arm-none-eabi/9.2.1/../../../arm-none-eabi/lib/thumb/v7e-m+fp/hard/libc_nano.a(lib_a-impure.o)
                                         0x4f (size before relaxing)
 .comment       0x00000000000000a7       0x4f /usr/lib/gcc/arm-none-eabi/9.2.1/../../../arm-none-eabi/lib/thumb/v7e-m+fp/hard/libc_nano.a(lib_a-init.o)
 .comment       0x00000000000000a7       0x4f /usr/lib/gcc/arm-none-eabi/9.2.1/../../../arm-none-eabi/lib/thumb/v7e-m+fp/hard/libc_nano.a(lib_a-malloc.o)
 .comment       0x00000000000000a7       0x4f /usr/lib/gcc/arm-none-eabi/9.2.1/../../../arm-none-eabi/lib/thumb/v7e-m+fp/hard/libc_nano.a(lib_a-memset.o)
 .comment       0x00000000000000a7       0x4f /usr/lib/gcc/arm-none-eabi/9.2.1/../../../arm-none-eabi/lib/thumb/v7e-m+fp/hard/libc_nano.a(lib_a-nano-freer.o)
 .comment       0x00000000000000a7       0x4f /usr/lib/gcc/arm-none-eabi/9.2.1/../../../arm-none-eabi/lib/thumb/v7e-m+fp/hard/libc_nano.a(lib_a-nano-mallocr.o)
 .comment       0x00000000000000a7       0x4f /usr/lib/gcc/arm-none-eabi/9.2.1/../../../arm-none-eabi/lib/thumb/v7e-m+fp/hard/libc_nano.a(lib_a-sbrkr.o)
 .comment       0x00000000000000a7       0x4f /usr/lib/gcc/arm-none-eabi/9.2.1/../../../arm-none-eabi/lib/thumb/v7e-m+fp/hard/libc_nano.a(lib_a-mlock.o)
 .comment       0x00000000000000a7       0x4f /usr/lib/gcc/arm-none-eabi/9.2.1/../../../arm-none-eabi/lib/thumb/v7e-m+fp/hard/libc_nano.a(lib_a-reent.o)
 .comment       0x00000000000000a7       0x4f /usr/lib/gcc/arm-none-eabi/9.2.1/../../../arm-none-eabi/lib/thumb/v7e-m+fp/hard/libnosys.a(sbrk.o)
 .comment       0x00000000000000a7       0x5a /usr/lib/gcc/arm-none-eabi/9.2.1/thumb/v7e-m+fp/hard/libgcc.a(_udivmoddi4.o)
 .comment       0x00000000000000a7       0x5a /usr/lib/gcc/arm-none-eabi/9.2.1/thumb/v7e-m+fp/hard/crtend.o

.debug_info     0x0000000000000000    0x26c50
 .debug_info    0x0000000000000000     0x16e6 build/main.o
 .debug_info    0x00000000000016e6      0x7df build/stm32f4xx_it.o
 .debug_info    0x0000000000001ec5     0x13a0 build/stm32f4xx_hal_msp.o
 .debug_info    0x0000000000003265     0x2b96 build/usbh_conf.o
 .debug_info    0x0000000000005dfb      0x2c4 build/usbh_platform.o
 .debug_info    0x00000000000060bf     0x15f4 build/usb_host.o
 .debug_info    0x00000000000076b3     0x165c build/stm32f4xx_hal_hcd.o
 .debug_info    0x0000000000008d0f     0x220e build/stm32f4xx_ll_usb.o
 .debug_info    0x000000000000af1d      0xc08 build/stm32f4xx_hal_rcc.o
 .debug_info    0x000000000000bb25      0x79a build/stm32f4xx_hal_rcc_ex.o
 .debug_info    0x000000000000c2bf      0x8fa build/stm32f4xx_hal_gpio.o
 .debug_info    0x000000000000cbb9     0x121a build/stm32f4xx_hal_cortex.o
 .debug_info    0x000000000000ddd3      0xb3a build/stm32f4xx_hal.o
 .debug_info    0x000000000000e90d     0x3bdd build/stm32f4xx_hal_i2c.o
 .debug_info    0x00000000000124ea     0x1385 build/stm32f4xx_hal_i2s.o
 .debug_info    0x000000000001386f      0xfb1 build/stm32f4xx_hal_i2s_ex.o
 .debug_info    0x0000000000014820     0x20b8 build/stm32f4xx_hal_spi.o
 .debug_info    0x00000000000168d8      0x618 build/system_stm32f4xx.o
 .debug_info    0x0000000000016ef0     0x20ba build/usbh_core.o
 .debug_info    0x0000000000018faa     0x1fa1 build/usbh_ctlreq.o
 .debug_info    0x000000000001af4b     0x1a73 build/usbh_ioreq.o
 .debug_info    0x000000000001c9be     0x16bd build/usbh_pipes.o
 .debug_info    0x000000000001e07b     0x23e9 build/usbh_cdc.o
 .debug_info    0x0000000000020464       0x22 build/startup_stm32f407xx.o
 .debug_info    0x0000000000020486      0x92a /usr/lib/gcc/arm-none-eabi/9.2.1/../../../arm-none-eabi/lib/thumb/v7e-m+fp/hard/libc_nano.a(lib_a-impure.o)
 .debug_info    0x0000000000020db0      0x11a /usr/lib/gcc/arm-none-eabi/9.2.1/../../../arm-none-eabi/lib/thumb/v7e-m+fp/hard/libc_nano.a(lib_a-init.o)
 .debug_info    0x0000000000020eca      0x9b6 /usr/lib/gcc/arm-none-eabi/9.2.1/../../../arm-none-eabi/lib/thumb/v7e-m+fp/hard/libc_nano.a(lib_a-malloc.o)
 .debug_info    0x0000000000021880      0xf21 /usr/lib/gcc/arm-none-eabi/9.2.1/../../../arm-none-eabi/lib/thumb/v7e-m+fp/hard/libc_nano.a(lib_a-memset.o)
 .debug_info    0x00000000000227a1      0xb85 /usr/lib/gcc/arm-none-eabi/9.2.1/../../../arm-none-eabi/lib/thumb/v7e-m+fp/hard/libc_nano.a(lib_a-nano-freer.o)
 .debug_info    0x0000000000023326      0xc5a /usr/lib/gcc/arm-none-eabi/9.2.1/../../../arm-none-eabi/lib/thumb/v7e-m+fp/hard/libc_nano.a(lib_a-nano-mallocr.o)
 .debug_info    0x0000000000023f80      0x9fb /usr/lib/gcc/arm-none-eabi/9.2.1/../../../arm-none-eabi/lib/thumb/v7e-m+fp/hard/libc_nano.a(lib_a-sbrkr.o)
 .debug_info    0x000000000002497b      0x961 /usr/lib/gcc/arm-none-eabi/9.2.1/../../../arm-none-eabi/lib/thumb/v7e-m+fp/hard/libc_nano.a(lib_a-mlock.o)
 .debug_info    0x00000000000252dc      0xb0f /usr/lib/gcc/arm-none-eabi/9.2.1/../../../arm-none-eabi/lib/thumb/v7e-m+fp/hard/libc_nano.a(lib_a-reent.o)
 .debug_info    0x0000000000025deb       0x9d /usr/lib/gcc/arm-none-eabi/9.2.1/../../../arm-none-eabi/lib/thumb/v7e-m+fp/hard/libnosys.a(sbrk.o)
 .debug_info    0x0000000000025e88       0x26 /usr/lib/gcc/arm-none-eabi/9.2.1/thumb/v7e-m+fp/hard/libgcc.a(_aeabi_uldivmod.o)
 .debug_info    0x0000000000025eae      0xd7c /usr/lib/gcc/arm-none-eabi/9.2.1/thumb/v7e-m+fp/hard/libgcc.a(_udivmoddi4.o)
 .debug_info    0x0000000000026c2a       0x26 /usr/lib/gcc/arm-none-eabi/9.2.1/thumb/v7e-m+fp/hard/libgcc.a(_dvmd_tls.o)

.debug_abbrev   0x0000000000000000     0x5361
 .debug_abbrev  0x0000000000000000      0x299 build/main.o
 .debug_abbrev  0x0000000000000299      0x182 build/stm32f4xx_it.o
 .debug_abbrev  0x000000000000041b      0x223 build/stm32f4xx_hal_msp.o
 .debug_abbrev  0x000000000000063e      0x3f4 build/usbh_conf.o
 .debug_abbrev  0x0000000000000a32      0x14c build/usbh_platform.o
 .debug_abbrev  0x0000000000000b7e      0x2d3 build/usb_host.o
 .debug_abbrev  0x0000000000000e51      0x2e5 build/stm32f4xx_hal_hcd.o
 .debug_abbrev  0x0000000000001136      0x335 build/stm32f4xx_ll_usb.o
 .debug_abbrev  0x000000000000146b      0x2cd build/stm32f4xx_hal_rcc.o
 .debug_abbrev  0x0000000000001738      0x1bb build/stm32f4xx_hal_rcc_ex.o
 .debug_abbrev  0x00000000000018f3      0x258 build/stm32f4xx_hal_gpio.o
 .debug_abbrev  0x0000000000001b4b      0x3a8 build/stm32f4xx_hal_cortex.o
 .debug_abbrev  0x0000000000001ef3      0x21c build/stm32f4xx_hal.o
 .debug_abbrev  0x000000000000210f      0x31f build/stm32f4xx_hal_i2c.o
 .debug_abbrev  0x000000000000242e      0x2b3 build/stm32f4xx_hal_i2s.o
 .debug_abbrev  0x00000000000026e1      0x2e1 build/stm32f4xx_hal_i2s_ex.o
 .debug_abbrev  0x00000000000029c2      0x2d2 build/stm32f4xx_hal_spi.o
 .debug_abbrev  0x0000000000002c94      0x14a build/system_stm32f4xx.o
 .debug_abbrev  0x0000000000002dde      0x3ef build/usbh_core.o
 .debug_abbrev  0x00000000000031cd      0x3c8 build/usbh_ctlreq.o
 .debug_abbrev  0x0000000000003595      0x2b4 build/usbh_ioreq.o
 .debug_abbrev  0x0000000000003849      0x31a build/usbh_pipes.o
 .debug_abbrev  0x0000000000003b63      0x3b9 build/usbh_cdc.o
 .debug_abbrev  0x0000000000003f1c       0x12 build/startup_stm32f407xx.o
 .debug_abbrev  0x0000000000003f2e      0x17a /usr/lib/gcc/arm-none-eabi/9.2.1/../../../arm-none-eabi/lib/thumb/v7e-m+fp/hard/libc_nano.a(lib_a-impure.o)
 .debug_abbrev  0x00000000000040a8       0xcc /usr/lib/gcc/arm-none-eabi/9.2.1/../../../arm-none-eabi/lib/thumb/v7e-m+fp/hard/libc_nano.a(lib_a-init.o)
 .debug_abbrev  0x0000000000004174      0x1f2 /usr/lib/gcc/arm-none-eabi/9.2.1/../../../arm-none-eabi/lib/thumb/v7e-m+fp/hard/libc_nano.a(lib_a-malloc.o)
 .debug_abbrev  0x0000000000004366      0x1d9 /usr/lib/gcc/arm-none-eabi/9.2.1/../../../arm-none-eabi/lib/thumb/v7e-m+fp/hard/libc_nano.a(lib_a-memset.o)
 .debug_abbrev  0x000000000000453f      0x286 /usr/lib/gcc/arm-none-eabi/9.2.1/../../../arm-none-eabi/lib/thumb/v7e-m+fp/hard/libc_nano.a(lib_a-nano-freer.o)
 .debug_abbrev  0x00000000000047c5      0x2d1 /usr/lib/gcc/arm-none-eabi/9.2.1/../../../arm-none-eabi/lib/thumb/v7e-m+fp/hard/libc_nano.a(lib_a-nano-mallocr.o)
 .debug_abbrev  0x0000000000004a96      0x212 /usr/lib/gcc/arm-none-eabi/9.2.1/../../../arm-none-eabi/lib/thumb/v7e-m+fp/hard/libc_nano.a(lib_a-sbrkr.o)
 .debug_abbrev  0x0000000000004ca8      0x1c5 /usr/lib/gcc/arm-none-eabi/9.2.1/../../../arm-none-eabi/lib/thumb/v7e-m+fp/hard/libc_nano.a(lib_a-mlock.o)
 .debug_abbrev  0x0000000000004e6d      0x268 /usr/lib/gcc/arm-none-eabi/9.2.1/../../../arm-none-eabi/lib/thumb/v7e-m+fp/hard/libc_nano.a(lib_a-reent.o)
 .debug_abbrev  0x00000000000050d5       0xa2 /usr/lib/gcc/arm-none-eabi/9.2.1/../../../arm-none-eabi/lib/thumb/v7e-m+fp/hard/libnosys.a(sbrk.o)
 .debug_abbrev  0x0000000000005177       0x14 /usr/lib/gcc/arm-none-eabi/9.2.1/thumb/v7e-m+fp/hard/libgcc.a(_aeabi_uldivmod.o)
 .debug_abbrev  0x000000000000518b      0x1c2 /usr/lib/gcc/arm-none-eabi/9.2.1/thumb/v7e-m+fp/hard/libgcc.a(_udivmoddi4.o)
 .debug_abbrev  0x000000000000534d       0x14 /usr/lib/gcc/arm-none-eabi/9.2.1/thumb/v7e-m+fp/hard/libgcc.a(_dvmd_tls.o)

.debug_loc      0x0000000000000000    0x14ae5
 .debug_loc     0x0000000000000000       0xff build/main.o
 .debug_loc     0x00000000000000ff       0x40 build/stm32f4xx_it.o
 .debug_loc     0x000000000000013f      0x2d5 build/stm32f4xx_hal_msp.o
 .debug_loc     0x0000000000000414      0xbb4 build/usbh_conf.o
 .debug_loc     0x0000000000000fc8       0x67 build/usbh_platform.o
 .debug_loc     0x000000000000102f       0x40 build/usb_host.o
 .debug_loc     0x000000000000106f     0x152d build/stm32f4xx_hal_hcd.o
 .debug_loc     0x000000000000259c     0x2b3a build/stm32f4xx_ll_usb.o
 .debug_loc     0x00000000000050d6      0x6c7 build/stm32f4xx_hal_rcc.o
 .debug_loc     0x000000000000579d      0x473 build/stm32f4xx_hal_rcc_ex.o
 .debug_loc     0x0000000000005c10      0x5db build/stm32f4xx_hal_gpio.o
 .debug_loc     0x00000000000061eb      0x7d4 build/stm32f4xx_hal_cortex.o
 .debug_loc     0x00000000000069bf      0x1e1 build/stm32f4xx_hal.o
 .debug_loc     0x0000000000006ba0     0x4da1 build/stm32f4xx_hal_i2c.o
 .debug_loc     0x000000000000b941     0x1320 build/stm32f4xx_hal_i2s.o
 .debug_loc     0x000000000000cc61      0xcf1 build/stm32f4xx_hal_i2s_ex.o
 .debug_loc     0x000000000000d952     0x24e5 build/stm32f4xx_hal_spi.o
 .debug_loc     0x000000000000fe37      0x16c build/system_stm32f4xx.o
 .debug_loc     0x000000000000ffa3      0xb6f build/usbh_core.o
 .debug_loc     0x0000000000010b12     0x11d0 build/usbh_ctlreq.o
 .debug_loc     0x0000000000011ce2      0x750 build/usbh_ioreq.o
 .debug_loc     0x0000000000012432      0x27e build/usbh_pipes.o
 .debug_loc     0x00000000000126b0      0x91d build/usbh_cdc.o
 .debug_loc     0x0000000000012fcd       0xba /usr/lib/gcc/arm-none-eabi/9.2.1/../../../arm-none-eabi/lib/thumb/v7e-m+fp/hard/libc_nano.a(lib_a-init.o)
 .debug_loc     0x0000000000013087       0x64 /usr/lib/gcc/arm-none-eabi/9.2.1/../../../arm-none-eabi/lib/thumb/v7e-m+fp/hard/libc_nano.a(lib_a-malloc.o)
 .debug_loc     0x00000000000130eb      0x231 /usr/lib/gcc/arm-none-eabi/9.2.1/../../../arm-none-eabi/lib/thumb/v7e-m+fp/hard/libc_nano.a(lib_a-memset.o)
 .debug_loc     0x000000000001331c      0x211 /usr/lib/gcc/arm-none-eabi/9.2.1/../../../arm-none-eabi/lib/thumb/v7e-m+fp/hard/libc_nano.a(lib_a-nano-freer.o)
 .debug_loc     0x000000000001352d      0x437 /usr/lib/gcc/arm-none-eabi/9.2.1/../../../arm-none-eabi/lib/thumb/v7e-m+fp/hard/libc_nano.a(lib_a-nano-mallocr.o)
 .debug_loc     0x0000000000013964       0x6c /usr/lib/gcc/arm-none-eabi/9.2.1/../../../arm-none-eabi/lib/thumb/v7e-m+fp/hard/libc_nano.a(lib_a-sbrkr.o)
 .debug_loc     0x00000000000139d0      0x135 /usr/lib/gcc/arm-none-eabi/9.2.1/../../../arm-none-eabi/lib/thumb/v7e-m+fp/hard/libc_nano.a(lib_a-reent.o)
 .debug_loc     0x0000000000013b05       0x3e /usr/lib/gcc/arm-none-eabi/9.2.1/../../../arm-none-eabi/lib/thumb/v7e-m+fp/hard/libnosys.a(sbrk.o)
 .debug_loc     0x0000000000013b43      0xfa2 /usr/lib/gcc/arm-none-eabi/9.2.1/thumb/v7e-m+fp/hard/libgcc.a(_udivmoddi4.o)

.debug_aranges  0x0000000000000000     0x1218
 .debug_aranges
                0x0000000000000000       0x50 build/main.o
 .debug_aranges
                0x0000000000000050       0x68 build/stm32f4xx_it.o
 .debug_aranges
                0x00000000000000b8       0x50 build/stm32f4xx_hal_msp.o
 .debug_aranges
                0x0000000000000108       0xd8 build/usbh_conf.o
 .debug_aranges
                0x00000000000001e0       0x20 build/usbh_platform.o
 .debug_aranges
                0x0000000000000200       0x30 build/usb_host.o
 .debug_aranges
                0x0000000000000230       0xf8 build/stm32f4xx_hal_hcd.o
 .debug_aranges
                0x0000000000000328      0x1a0 build/stm32f4xx_ll_usb.o
 .debug_aranges
                0x00000000000004c8       0x88 build/stm32f4xx_hal_rcc.o
 .debug_aranges
                0x0000000000000550       0x48 build/stm32f4xx_hal_rcc_ex.o
 .debug_aranges
                0x0000000000000598       0x58 build/stm32f4xx_hal_gpio.o
 .debug_aranges
                0x00000000000005f0       0xa8 build/stm32f4xx_hal_cortex.o
 .debug_aranges
                0x0000000000000698       0xf0 build/stm32f4xx_hal.o
 .debug_aranges
                0x0000000000000788      0x2a0 build/stm32f4xx_hal_i2c.o
 .debug_aranges
                0x0000000000000a28      0x108 build/stm32f4xx_hal_i2s.o
 .debug_aranges
                0x0000000000000b30       0x88 build/stm32f4xx_hal_i2s_ex.o
 .debug_aranges
                0x0000000000000bb8      0x1d0 build/stm32f4xx_hal_spi.o
 .debug_aranges
                0x0000000000000d88       0x28 build/system_stm32f4xx.o
 .debug_aranges
                0x0000000000000db0       0xc0 build/usbh_core.o
 .debug_aranges
                0x0000000000000e70       0xa0 build/usbh_ctlreq.o
 .debug_aranges
                0x0000000000000f10       0x60 build/usbh_ioreq.o
 .debug_aranges
                0x0000000000000f70       0x40 build/usbh_pipes.o
 .debug_aranges
                0x0000000000000fb0       0xa8 build/usbh_cdc.o
 .debug_aranges
                0x0000000000001058       0x28 build/startup_stm32f407xx.o
 .debug_aranges
                0x0000000000001080       0x18 /usr/lib/gcc/arm-none-eabi/9.2.1/../../../arm-none-eabi/lib/thumb/v7e-m+fp/hard/libc_nano.a(lib_a-impure.o)
 .debug_aranges
                0x0000000000001098       0x20 /usr/lib/gcc/arm-none-eabi/9.2.1/../../../arm-none-eabi/lib/thumb/v7e-m+fp/hard/libc_nano.a(lib_a-init.o)
 .debug_aranges
                0x00000000000010b8       0x20 /usr/lib/gcc/arm-none-eabi/9.2.1/../../../arm-none-eabi/lib/thumb/v7e-m+fp/hard/libc_nano.a(lib_a-malloc.o)
 .debug_aranges
                0x00000000000010d8       0x20 /usr/lib/gcc/arm-none-eabi/9.2.1/../../../arm-none-eabi/lib/thumb/v7e-m+fp/hard/libc_nano.a(lib_a-memset.o)
 .debug_aranges
                0x00000000000010f8       0x20 /usr/lib/gcc/arm-none-eabi/9.2.1/../../../arm-none-eabi/lib/thumb/v7e-m+fp/hard/libc_nano.a(lib_a-nano-freer.o)
 .debug_aranges
                0x0000000000001118       0x20 /usr/lib/gcc/arm-none-eabi/9.2.1/../../../arm-none-eabi/lib/thumb/v7e-m+fp/hard/libc_nano.a(lib_a-nano-mallocr.o)
 .debug_aranges
                0x0000000000001138       0x20 /usr/lib/gcc/arm-none-eabi/9.2.1/../../../arm-none-eabi/lib/thumb/v7e-m+fp/hard/libc_nano.a(lib_a-sbrkr.o)
 .debug_aranges
                0x0000000000001158       0x20 /usr/lib/gcc/arm-none-eabi/9.2.1/../../../arm-none-eabi/lib/thumb/v7e-m+fp/hard/libc_nano.a(lib_a-mlock.o)
 .debug_aranges
                0x0000000000001178       0x20 /usr/lib/gcc/arm-none-eabi/9.2.1/../../../arm-none-eabi/lib/thumb/v7e-m+fp/hard/libc_nano.a(lib_a-reent.o)
 .debug_aranges
                0x0000000000001198       0x20 /usr/lib/gcc/arm-none-eabi/9.2.1/../../../arm-none-eabi/lib/thumb/v7e-m+fp/hard/libnosys.a(sbrk.o)
 .debug_aranges
                0x00000000000011b8       0x20 /usr/lib/gcc/arm-none-eabi/9.2.1/thumb/v7e-m+fp/hard/libgcc.a(_aeabi_uldivmod.o)
 .debug_aranges
                0x00000000000011d8       0x20 /usr/lib/gcc/arm-none-eabi/9.2.1/thumb/v7e-m+fp/hard/libgcc.a(_udivmoddi4.o)
 .debug_aranges
                0x00000000000011f8       0x20 /usr/lib/gcc/arm-none-eabi/9.2.1/thumb/v7e-m+fp/hard/libgcc.a(_dvmd_tls.o)

.debug_ranges   0x0000000000000000     0x10f8
 .debug_ranges  0x0000000000000000       0x40 build/main.o
 .debug_ranges  0x0000000000000040       0x58 build/stm32f4xx_it.o
 .debug_ranges  0x0000000000000098       0x40 build/stm32f4xx_hal_msp.o
 .debug_ranges  0x00000000000000d8       0xc8 build/usbh_conf.o
 .debug_ranges  0x00000000000001a0       0x10 build/usbh_platform.o
 .debug_ranges  0x00000000000001b0       0x20 build/usb_host.o
 .debug_ranges  0x00000000000001d0       0xe8 build/stm32f4xx_hal_hcd.o
 .debug_ranges  0x00000000000002b8      0x190 build/stm32f4xx_ll_usb.o
 .debug_ranges  0x0000000000000448       0x90 build/stm32f4xx_hal_rcc.o
 .debug_ranges  0x00000000000004d8       0x38 build/stm32f4xx_hal_rcc_ex.o
 .debug_ranges  0x0000000000000510       0x48 build/stm32f4xx_hal_gpio.o
 .debug_ranges  0x0000000000000558       0xf8 build/stm32f4xx_hal_cortex.o
 .debug_ranges  0x0000000000000650       0xe0 build/stm32f4xx_hal.o
 .debug_ranges  0x0000000000000730      0x2a8 build/stm32f4xx_hal_i2c.o
 .debug_ranges  0x00000000000009d8      0x128 build/stm32f4xx_hal_i2s.o
 .debug_ranges  0x0000000000000b00       0x90 build/stm32f4xx_hal_i2s_ex.o
 .debug_ranges  0x0000000000000b90      0x1c0 build/stm32f4xx_hal_spi.o
 .debug_ranges  0x0000000000000d50       0x18 build/system_stm32f4xx.o
 .debug_ranges  0x0000000000000d68       0xb0 build/usbh_core.o
 .debug_ranges  0x0000000000000e18       0x90 build/usbh_ctlreq.o
 .debug_ranges  0x0000000000000ea8       0x50 build/usbh_ioreq.o
 .debug_ranges  0x0000000000000ef8       0x30 build/usbh_pipes.o
 .debug_ranges  0x0000000000000f28       0x98 build/usbh_cdc.o
 .debug_ranges  0x0000000000000fc0       0x20 build/startup_stm32f407xx.o
 .debug_ranges  0x0000000000000fe0       0x18 /usr/lib/gcc/arm-none-eabi/9.2.1/../../../arm-none-eabi/lib/thumb/v7e-m+fp/hard/libc_nano.a(lib_a-nano-freer.o)
 .debug_ranges  0x0000000000000ff8       0x38 /usr/lib/gcc/arm-none-eabi/9.2.1/../../../arm-none-eabi/lib/thumb/v7e-m+fp/hard/libc_nano.a(lib_a-nano-mallocr.o)
 .debug_ranges  0x0000000000001030       0xc8 /usr/lib/gcc/arm-none-eabi/9.2.1/thumb/v7e-m+fp/hard/libgcc.a(_udivmoddi4.o)

.debug_line     0x0000000000000000    0x14c4b
 .debug_line    0x0000000000000000      0x611 build/main.o
 .debug_line    0x0000000000000611      0x27e build/stm32f4xx_it.o
 .debug_line    0x000000000000088f      0x443 build/stm32f4xx_hal_msp.o
 .debug_line    0x0000000000000cd2      0x746 build/usbh_conf.o
 .debug_line    0x0000000000001418      0x15e build/usbh_platform.o
 .debug_line    0x0000000000001576      0x2c3 build/usb_host.o
 .debug_line    0x0000000000001839     0x1081 build/stm32f4xx_hal_hcd.o
 .debug_line    0x00000000000028ba     0x1e04 build/stm32f4xx_ll_usb.o
 .debug_line    0x00000000000046be      0xaac build/stm32f4xx_hal_rcc.o
 .debug_line    0x000000000000516a      0x580 build/stm32f4xx_hal_rcc_ex.o
 .debug_line    0x00000000000056ea      0x6a5 build/stm32f4xx_hal_gpio.o
 .debug_line    0x0000000000005d8f      0x718 build/stm32f4xx_hal_cortex.o
 .debug_line    0x00000000000064a7      0x4db build/stm32f4xx_hal.o
 .debug_line    0x0000000000006982     0x52f4 build/stm32f4xx_hal_i2c.o
 .debug_line    0x000000000000bc76     0x1360 build/stm32f4xx_hal_i2s.o
 .debug_line    0x000000000000cfd6     0x10c3 build/stm32f4xx_hal_i2s_ex.o
 .debug_line    0x000000000000e099     0x2471 build/stm32f4xx_hal_spi.o
 .debug_line    0x000000000001050a      0x1fc build/system_stm32f4xx.o
 .debug_line    0x0000000000010706      0xe8f build/usbh_core.o
 .debug_line    0x0000000000011595      0xd53 build/usbh_ctlreq.o
 .debug_line    0x00000000000122e8      0x392 build/usbh_ioreq.o
 .debug_line    0x000000000001267a      0x329 build/usbh_pipes.o
 .debug_line    0x00000000000129a3      0xa51 build/usbh_cdc.o
 .debug_line    0x00000000000133f4       0x76 build/startup_stm32f407xx.o
 .debug_line    0x000000000001346a       0xe3 /usr/lib/gcc/arm-none-eabi/9.2.1/../../../arm-none-eabi/lib/thumb/v7e-m+fp/hard/libc_nano.a(lib_a-impure.o)
 .debug_line    0x000000000001354d      0x10d /usr/lib/gcc/arm-none-eabi/9.2.1/../../../arm-none-eabi/lib/thumb/v7e-m+fp/hard/libc_nano.a(lib_a-init.o)
 .debug_line    0x000000000001365a      0x15e /usr/lib/gcc/arm-none-eabi/9.2.1/../../../arm-none-eabi/lib/thumb/v7e-m+fp/hard/libc_nano.a(lib_a-malloc.o)
 .debug_line    0x00000000000137b8      0x26b /usr/lib/gcc/arm-none-eabi/9.2.1/../../../arm-none-eabi/lib/thumb/v7e-m+fp/hard/libc_nano.a(lib_a-memset.o)
 .debug_line    0x0000000000013a23      0x2af /usr/lib/gcc/arm-none-eabi/9.2.1/../../../arm-none-eabi/lib/thumb/v7e-m+fp/hard/libc_nano.a(lib_a-nano-freer.o)
 .debug_line    0x0000000000013cd2      0x2f2 /usr/lib/gcc/arm-none-eabi/9.2.1/../../../arm-none-eabi/lib/thumb/v7e-m+fp/hard/libc_nano.a(lib_a-nano-mallocr.o)
 .debug_line    0x0000000000013fc4      0x182 /usr/lib/gcc/arm-none-eabi/9.2.1/../../../arm-none-eabi/lib/thumb/v7e-m+fp/hard/libc_nano.a(lib_a-sbrkr.o)
 .debug_line    0x0000000000014146      0x13d /usr/lib/gcc/arm-none-eabi/9.2.1/../../../arm-none-eabi/lib/thumb/v7e-m+fp/hard/libc_nano.a(lib_a-mlock.o)
 .debug_line    0x0000000000014283      0x275 /usr/lib/gcc/arm-none-eabi/9.2.1/../../../arm-none-eabi/lib/thumb/v7e-m+fp/hard/libc_nano.a(lib_a-reent.o)
 .debug_line    0x00000000000144f8       0x79 /usr/lib/gcc/arm-none-eabi/9.2.1/../../../arm-none-eabi/lib/thumb/v7e-m+fp/hard/libnosys.a(sbrk.o)
 .debug_line    0x0000000000014571       0x60 /usr/lib/gcc/arm-none-eabi/9.2.1/thumb/v7e-m+fp/hard/libgcc.a(_aeabi_uldivmod.o)
 .debug_line    0x00000000000145d1      0x61a /usr/lib/gcc/arm-none-eabi/9.2.1/thumb/v7e-m+fp/hard/libgcc.a(_udivmoddi4.o)
 .debug_line    0x0000000000014beb       0x60 /usr/lib/gcc/arm-none-eabi/9.2.1/thumb/v7e-m+fp/hard/libgcc.a(_dvmd_tls.o)

.debug_str      0x0000000000000000     0x74c3
 .debug_str     0x0000000000000000      0xd63 build/main.o
                                        0xe60 (size before relaxing)
 .debug_str     0x0000000000000d63      0x447 build/stm32f4xx_it.o
                                        0x73e (size before relaxing)
 .debug_str     0x00000000000011aa      0x15f build/stm32f4xx_hal_msp.o
                                        0xd52 (size before relaxing)
 .debug_str     0x0000000000001309     0x14f9 build/usbh_conf.o
                                       0x1e10 (size before relaxing)
 .debug_str     0x0000000000002802       0x2e build/usbh_platform.o
                                        0x303 (size before relaxing)
 .debug_str     0x0000000000002830       0xde build/usb_host.o
                                        0xf5b (size before relaxing)
 .debug_str     0x000000000000290e      0x33b build/stm32f4xx_hal_hcd.o
                                        0xbe3 (size before relaxing)
 .debug_str     0x0000000000002c49      0x527 build/stm32f4xx_ll_usb.o
                                        0xd44 (size before relaxing)
 .debug_str     0x0000000000003170      0x1db build/stm32f4xx_hal_rcc.o
                                        0x758 (size before relaxing)
 .debug_str     0x000000000000334b       0xf6 build/stm32f4xx_hal_rcc_ex.o
                                        0x55c (size before relaxing)
 .debug_str     0x0000000000003441      0x104 build/stm32f4xx_hal_gpio.o
                                        0x585 (size before relaxing)
 .debug_str     0x0000000000003545      0x4a7 build/stm32f4xx_hal_cortex.o
                                        0xcca (size before relaxing)
 .debug_str     0x00000000000039ec      0x21f build/stm32f4xx_hal.o
                                        0xb8b (size before relaxing)
 .debug_str     0x0000000000003c0b      0x8b3 build/stm32f4xx_hal_i2c.o
                                       0x10c5 (size before relaxing)
 .debug_str     0x00000000000044be      0x264 build/stm32f4xx_hal_i2s.o
                                        0x9e7 (size before relaxing)
 .debug_str     0x0000000000004722      0x1ee build/stm32f4xx_hal_i2s_ex.o
                                        0x928 (size before relaxing)
 .debug_str     0x0000000000004910      0x4eb build/stm32f4xx_hal_spi.o
                                        0xc8f (size before relaxing)
 .debug_str     0x0000000000004dfb       0x47 build/system_stm32f4xx.o
                                        0x3f9 (size before relaxing)
 .debug_str     0x0000000000004e42      0x1d0 build/usbh_core.o
                                       0x11af (size before relaxing)
 .debug_str     0x0000000000005012      0x1ff build/usbh_ctlreq.o
                                       0x11b3 (size before relaxing)
 .debug_str     0x0000000000005211       0xbb build/usbh_ioreq.o
                                        0xfb8 (size before relaxing)
 .debug_str     0x00000000000052cc       0x64 build/usbh_pipes.o
                                        0xf4e (size before relaxing)
 .debug_str     0x0000000000005330      0x5ca build/usbh_cdc.o
                                       0x162b (size before relaxing)
 .debug_str     0x00000000000058fa       0x22 build/startup_stm32f407xx.o
                                         0x49 (size before relaxing)
 .debug_str     0x000000000000591c      0x1aa /usr/lib/gcc/arm-none-eabi/9.2.1/../../../arm-none-eabi/lib/thumb/v7e-m+fp/hard/libc_nano.a(lib_a-impure.o)
                                        0x5e2 (size before relaxing)
 .debug_str     0x0000000000005ac6       0xf6 /usr/lib/gcc/arm-none-eabi/9.2.1/../../../arm-none-eabi/lib/thumb/v7e-m+fp/hard/libc_nano.a(lib_a-init.o)
                                        0x229 (size before relaxing)
 .debug_str     0x0000000000005bbc       0xb4 /usr/lib/gcc/arm-none-eabi/9.2.1/../../../arm-none-eabi/lib/thumb/v7e-m+fp/hard/libc_nano.a(lib_a-malloc.o)
                                        0x613 (size before relaxing)
 .debug_str     0x0000000000005c70      0x315 /usr/lib/gcc/arm-none-eabi/9.2.1/../../../arm-none-eabi/lib/thumb/v7e-m+fp/hard/libc_nano.a(lib_a-memset.o)
                                        0x90f (size before relaxing)
 .debug_str     0x0000000000005f85      0x137 /usr/lib/gcc/arm-none-eabi/9.2.1/../../../arm-none-eabi/lib/thumb/v7e-m+fp/hard/libc_nano.a(lib_a-nano-freer.o)
                                        0x712 (size before relaxing)
 .debug_str     0x00000000000060bc       0x32 /usr/lib/gcc/arm-none-eabi/9.2.1/../../../arm-none-eabi/lib/thumb/v7e-m+fp/hard/libc_nano.a(lib_a-nano-mallocr.o)
                                        0x729 (size before relaxing)
 .debug_str     0x00000000000060ee       0x6d /usr/lib/gcc/arm-none-eabi/9.2.1/../../../arm-none-eabi/lib/thumb/v7e-m+fp/hard/libc_nano.a(lib_a-sbrkr.o)
                                        0x625 (size before relaxing)
 .debug_str     0x000000000000615b       0x4c /usr/lib/gcc/arm-none-eabi/9.2.1/../../../arm-none-eabi/lib/thumb/v7e-m+fp/hard/libc_nano.a(lib_a-mlock.o)
                                        0x60e (size before relaxing)
 .debug_str     0x00000000000061a7       0x5e /usr/lib/gcc/arm-none-eabi/9.2.1/../../../arm-none-eabi/lib/thumb/v7e-m+fp/hard/libc_nano.a(lib_a-reent.o)
                                        0x61e (size before relaxing)
 .debug_str     0x0000000000006205      0x116 /usr/lib/gcc/arm-none-eabi/9.2.1/../../../arm-none-eabi/lib/thumb/v7e-m+fp/hard/libnosys.a(sbrk.o)
                                        0x12f (size before relaxing)
 .debug_str     0x000000000000631b       0x97 /usr/lib/gcc/arm-none-eabi/9.2.1/thumb/v7e-m+fp/hard/libgcc.a(_aeabi_uldivmod.o)
                                         0xa3 (size before relaxing)
 .debug_str     0x00000000000063b2     0x10e1 /usr/lib/gcc/arm-none-eabi/9.2.1/thumb/v7e-m+fp/hard/libgcc.a(_udivmoddi4.o)
                                       0x11e6 (size before relaxing)
 .debug_str     0x0000000000007493       0x30 /usr/lib/gcc/arm-none-eabi/9.2.1/thumb/v7e-m+fp/hard/libgcc.a(_dvmd_tls.o)
                                         0xa7 (size before relaxing)

.debug_frame    0x0000000000000000     0x30e0
 .debug_frame   0x0000000000000000       0xcc build/main.o
 .debug_frame   0x00000000000000cc       0xc0 build/stm32f4xx_it.o
 .debug_frame   0x000000000000018c       0xdc build/stm32f4xx_hal_msp.o
 .debug_frame   0x0000000000000268      0x24c build/usbh_conf.o
 .debug_frame   0x00000000000004b4       0x28 build/usbh_platform.o
 .debug_frame   0x00000000000004dc       0x50 build/usb_host.o
 .debug_frame   0x000000000000052c      0x2b0 build/stm32f4xx_hal_hcd.o
 .debug_frame   0x00000000000007dc      0x4fc build/stm32f4xx_ll_usb.o
 .debug_frame   0x0000000000000cd8      0x174 build/stm32f4xx_hal_rcc.o
 .debug_frame   0x0000000000000e4c       0xa4 build/stm32f4xx_hal_rcc_ex.o
 .debug_frame   0x0000000000000ef0       0xd8 build/stm32f4xx_hal_gpio.o
 .debug_frame   0x0000000000000fc8      0x15c build/stm32f4xx_hal_cortex.o
 .debug_frame   0x0000000000001124      0x1ec build/stm32f4xx_hal.o
 .debug_frame   0x0000000000001310      0x970 build/stm32f4xx_hal_i2c.o
 .debug_frame   0x0000000000001c80      0x324 build/stm32f4xx_hal_i2s.o
 .debug_frame   0x0000000000001fa4      0x194 build/stm32f4xx_hal_i2s_ex.o
 .debug_frame   0x0000000000002138      0x5a0 build/stm32f4xx_hal_spi.o
 .debug_frame   0x00000000000026d8       0x30 build/system_stm32f4xx.o
 .debug_frame   0x0000000000002708      0x208 build/usbh_core.o
 .debug_frame   0x0000000000002910      0x1fc build/usbh_ctlreq.o
 .debug_frame   0x0000000000002b0c      0x130 build/usbh_ioreq.o
 .debug_frame   0x0000000000002c3c       0x84 build/usbh_pipes.o
 .debug_frame   0x0000000000002cc0      0x1bc build/usbh_cdc.o
 .debug_frame   0x0000000000002e7c       0x2c /usr/lib/gcc/arm-none-eabi/9.2.1/../../../arm-none-eabi/lib/thumb/v7e-m+fp/hard/libc_nano.a(lib_a-init.o)
 .debug_frame   0x0000000000002ea8       0x30 /usr/lib/gcc/arm-none-eabi/9.2.1/../../../arm-none-eabi/lib/thumb/v7e-m+fp/hard/libc_nano.a(lib_a-malloc.o)
 .debug_frame   0x0000000000002ed8       0x38 /usr/lib/gcc/arm-none-eabi/9.2.1/../../../arm-none-eabi/lib/thumb/v7e-m+fp/hard/libc_nano.a(lib_a-memset.o)
 .debug_frame   0x0000000000002f10       0x58 /usr/lib/gcc/arm-none-eabi/9.2.1/../../../arm-none-eabi/lib/thumb/v7e-m+fp/hard/libc_nano.a(lib_a-nano-freer.o)
 .debug_frame   0x0000000000002f68       0x30 /usr/lib/gcc/arm-none-eabi/9.2.1/../../../arm-none-eabi/lib/thumb/v7e-m+fp/hard/libc_nano.a(lib_a-nano-mallocr.o)
 .debug_frame   0x0000000000002f98       0x2c /usr/lib/gcc/arm-none-eabi/9.2.1/../../../arm-none-eabi/lib/thumb/v7e-m+fp/hard/libc_nano.a(lib_a-sbrkr.o)
 .debug_frame   0x0000000000002fc4       0x30 /usr/lib/gcc/arm-none-eabi/9.2.1/../../../arm-none-eabi/lib/thumb/v7e-m+fp/hard/libc_nano.a(lib_a-mlock.o)
 .debug_frame   0x0000000000002ff4       0x6c /usr/lib/gcc/arm-none-eabi/9.2.1/../../../arm-none-eabi/lib/thumb/v7e-m+fp/hard/libc_nano.a(lib_a-reent.o)
 .debug_frame   0x0000000000003060       0x20 /usr/lib/gcc/arm-none-eabi/9.2.1/../../../arm-none-eabi/lib/thumb/v7e-m+fp/hard/libnosys.a(sbrk.o)
 .debug_frame   0x0000000000003080       0x2c /usr/lib/gcc/arm-none-eabi/9.2.1/thumb/v7e-m+fp/hard/libgcc.a(_aeabi_uldivmod.o)
 .debug_frame   0x00000000000030ac       0x34 /usr/lib/gcc/arm-none-eabi/9.2.1/thumb/v7e-m+fp/hard/libgcc.a(_udivmoddi4.o)

Cross Reference Table

Symbol                                            File
ADC_IRQHandler                                    build/startup_stm32f407xx.o
AHBPrescTable                                     build/system_stm32f4xx.o
                                                  build/stm32f4xx_hal_rcc.o
APBPrescTable                                     build/system_stm32f4xx.o
                                                  build/stm32f4xx_hal_rcc.o
Appli_state                                       build/usb_host.o
BusFault_Handler                                  build/stm32f4xx_it.o
CAN1_RX0_IRQHandler                               build/startup_stm32f407xx.o
CAN1_RX1_IRQHandler                               build/startup_stm32f407xx.o
CAN1_SCE_IRQHandler                               build/startup_stm32f407xx.o
CAN1_TX_IRQHandler                                build/startup_stm32f407xx.o
CAN2_RX0_IRQHandler                               build/startup_stm32f407xx.o
CAN2_RX1_IRQHandler                               build/startup_stm32f407xx.o
CAN2_SCE_IRQHandler                               build/startup_stm32f407xx.o
CAN2_TX_IRQHandler                                build/startup_stm32f407xx.o
CDC_Class                                         build/usbh_cdc.o
                                                  build/usb_host.o
DCMI_IRQHandler                                   build/startup_stm32f407xx.o
DMA1_Stream0_IRQHandler                           build/startup_stm32f407xx.o
DMA1_Stream1_IRQHandler                           build/startup_stm32f407xx.o
DMA1_Stream2_IRQHandler                           build/startup_stm32f407xx.o
DMA1_Stream3_IRQHandler                           build/startup_stm32f407xx.o
DMA1_Stream4_IRQHandler                           build/startup_stm32f407xx.o
DMA1_Stream5_IRQHandler                           build/startup_stm32f407xx.o
DMA1_Stream6_IRQHandler                           build/startup_stm32f407xx.o
DMA1_Stream7_IRQHandler                           build/startup_stm32f407xx.o
DMA2_Stream0_IRQHandler                           build/startup_stm32f407xx.o
DMA2_Stream1_IRQHandler                           build/startup_stm32f407xx.o
DMA2_Stream2_IRQHandler                           build/startup_stm32f407xx.o
DMA2_Stream3_IRQHandler                           build/startup_stm32f407xx.o
DMA2_Stream4_IRQHandler                           build/startup_stm32f407xx.o
DMA2_Stream5_IRQHandler                           build/startup_stm32f407xx.o
DMA2_Stream6_IRQHandler                           build/startup_stm32f407xx.o
DMA2_Stream7_IRQHandler                           build/startup_stm32f407xx.o
DebugMon_Handler                                  build/stm32f4xx_it.o
Default_Handler                                   build/startup_stm32f407xx.o
ETH_IRQHandler                                    build/startup_stm32f407xx.o
ETH_WKUP_IRQHandler                               build/startup_stm32f407xx.o
EXTI0_IRQHandler                                  build/startup_stm32f407xx.o
EXTI15_10_IRQHandler                              build/startup_stm32f407xx.o
EXTI1_IRQHandler                                  build/startup_stm32f407xx.o
EXTI2_IRQHandler                                  build/startup_stm32f407xx.o
EXTI3_IRQHandler                                  build/startup_stm32f407xx.o
EXTI4_IRQHandler                                  build/startup_stm32f407xx.o
EXTI9_5_IRQHandler                                build/startup_stm32f407xx.o
Error_Handler                                     build/main.o
                                                  build/usb_host.o
                                                  build/usbh_conf.o
                                                  build/stm32f4xx_hal_msp.o
FLASH_Erase_Sector                                build/stm32f4xx_hal_flash_ex.o
                                                  build/stm32f4xx_hal_flash.o
FLASH_FlushCaches                                 build/stm32f4xx_hal_flash_ex.o
                                                  build/stm32f4xx_hal_flash.o
FLASH_IRQHandler                                  build/startup_stm32f407xx.o
FLASH_WaitForLastOperation                        build/stm32f4xx_hal_flash.o
                                                  build/stm32f4xx_hal_flash_ex.o
FPU_IRQHandler                                    build/startup_stm32f407xx.o
FSMC_IRQHandler                                   build/startup_stm32f407xx.o
HAL_DBGMCU_DisableDBGSleepMode                    build/stm32f4xx_hal.o
HAL_DBGMCU_DisableDBGStandbyMode                  build/stm32f4xx_hal.o
HAL_DBGMCU_DisableDBGStopMode                     build/stm32f4xx_hal.o
HAL_DBGMCU_EnableDBGSleepMode                     build/stm32f4xx_hal.o
HAL_DBGMCU_EnableDBGStandbyMode                   build/stm32f4xx_hal.o
HAL_DBGMCU_EnableDBGStopMode                      build/stm32f4xx_hal.o
HAL_DMAEx_ChangeMemory                            build/stm32f4xx_hal_dma_ex.o
HAL_DMAEx_MultiBufferStart                        build/stm32f4xx_hal_dma_ex.o
HAL_DMAEx_MultiBufferStart_IT                     build/stm32f4xx_hal_dma_ex.o
HAL_DMA_Abort                                     build/stm32f4xx_hal_dma.o
                                                  build/stm32f4xx_hal_spi.o
                                                  build/stm32f4xx_hal_i2s.o
HAL_DMA_Abort_IT                                  build/stm32f4xx_hal_dma.o
                                                  build/stm32f4xx_hal_spi.o
                                                  build/stm32f4xx_hal_i2c.o
HAL_DMA_DeInit                                    build/stm32f4xx_hal_dma.o
HAL_DMA_GetError                                  build/stm32f4xx_hal_dma.o
                                                  build/stm32f4xx_hal_i2c.o
HAL_DMA_GetState                                  build/stm32f4xx_hal_dma.o
                                                  build/stm32f4xx_hal_i2c.o
HAL_DMA_IRQHandler                                build/stm32f4xx_hal_dma.o
HAL_DMA_Init                                      build/stm32f4xx_hal_dma.o
HAL_DMA_PollForTransfer                           build/stm32f4xx_hal_dma.o
HAL_DMA_RegisterCallback                          build/stm32f4xx_hal_dma.o
HAL_DMA_Start                                     build/stm32f4xx_hal_dma.o
HAL_DMA_Start_IT                                  build/stm32f4xx_hal_dma.o
                                                  build/stm32f4xx_hal_spi.o
                                                  build/stm32f4xx_hal_i2s_ex.o
                                                  build/stm32f4xx_hal_i2s.o
                                                  build/stm32f4xx_hal_i2c.o
HAL_DMA_UnRegisterCallback                        build/stm32f4xx_hal_dma.o
HAL_DeInit                                        build/stm32f4xx_hal.o
HAL_Delay                                         build/stm32f4xx_hal.o
                                                  build/stm32f4xx_ll_usb.o
                                                  build/usbh_conf.o
                                                  build/main.o
HAL_DisableCompensationCell                       build/stm32f4xx_hal.o
HAL_EXTI_ClearConfigLine                          build/stm32f4xx_hal_exti.o
HAL_EXTI_ClearPending                             build/stm32f4xx_hal_exti.o
HAL_EXTI_GenerateSWI                              build/stm32f4xx_hal_exti.o
HAL_EXTI_GetConfigLine                            build/stm32f4xx_hal_exti.o
HAL_EXTI_GetHandle                                build/stm32f4xx_hal_exti.o
HAL_EXTI_GetPending                               build/stm32f4xx_hal_exti.o
HAL_EXTI_IRQHandler                               build/stm32f4xx_hal_exti.o
HAL_EXTI_RegisterCallback                         build/stm32f4xx_hal_exti.o
HAL_EXTI_SetConfigLine                            build/stm32f4xx_hal_exti.o
HAL_EnableCompensationCell                        build/stm32f4xx_hal.o
HAL_FLASHEx_Erase                                 build/stm32f4xx_hal_flash_ex.o
HAL_FLASHEx_Erase_IT                              build/stm32f4xx_hal_flash_ex.o
HAL_FLASHEx_OBGetConfig                           build/stm32f4xx_hal_flash_ex.o
HAL_FLASHEx_OBProgram                             build/stm32f4xx_hal_flash_ex.o
HAL_FLASH_EndOfOperationCallback                  build/stm32f4xx_hal_flash.o
HAL_FLASH_GetError                                build/stm32f4xx_hal_flash.o
HAL_FLASH_IRQHandler                              build/stm32f4xx_hal_flash.o
HAL_FLASH_Lock                                    build/stm32f4xx_hal_flash.o
HAL_FLASH_OB_Launch                               build/stm32f4xx_hal_flash.o
HAL_FLASH_OB_Lock                                 build/stm32f4xx_hal_flash.o
HAL_FLASH_OB_Unlock                               build/stm32f4xx_hal_flash.o
HAL_FLASH_OperationErrorCallback                  build/stm32f4xx_hal_flash.o
HAL_FLASH_Program                                 build/stm32f4xx_hal_flash.o
HAL_FLASH_Program_IT                              build/stm32f4xx_hal_flash.o
HAL_FLASH_Unlock                                  build/stm32f4xx_hal_flash.o
HAL_GPIO_DeInit                                   build/stm32f4xx_hal_gpio.o
                                                  build/usbh_conf.o
                                                  build/stm32f4xx_hal_msp.o
HAL_GPIO_EXTI_Callback                            build/stm32f4xx_hal_gpio.o
HAL_GPIO_EXTI_IRQHandler                          build/stm32f4xx_hal_gpio.o
HAL_GPIO_Init                                     build/stm32f4xx_hal_gpio.o
                                                  build/stm32f4xx_hal_rcc.o
                                                  build/usbh_conf.o
                                                  build/stm32f4xx_hal_msp.o
                                                  build/main.o
HAL_GPIO_LockPin                                  build/stm32f4xx_hal_gpio.o
HAL_GPIO_ReadPin                                  build/stm32f4xx_hal_gpio.o
HAL_GPIO_TogglePin                                build/stm32f4xx_hal_gpio.o
                                                  build/main.o
HAL_GPIO_WritePin                                 build/stm32f4xx_hal_gpio.o
                                                  build/usbh_platform.o
                                                  build/main.o
HAL_GetDEVID                                      build/stm32f4xx_hal.o
HAL_GetHalVersion                                 build/stm32f4xx_hal.o
HAL_GetREVID                                      build/stm32f4xx_hal.o
HAL_GetTick                                       build/stm32f4xx_hal.o
                                                  build/stm32f4xx_hal_spi.o
                                                  build/stm32f4xx_hal_i2s_ex.o
                                                  build/stm32f4xx_hal_i2s.o